mode: set
github.com/victorihuoma/polymarket-watch/internal/discovery/discovery.go:60.45,65.57 3 1
github.com/victorihuoma/polymarket-watch/internal/discovery/discovery.go:65.57,67.3 1 1
github.com/victorihuoma/polymarket-watch/internal/discovery/discovery.go:70.2,70.35 1 1
github.com/victorihuoma/polymarket-watch/internal/discovery/discovery.go:70.35,72.3 1 1
github.com/victorihuoma/polymarket-watch/internal/discovery/discovery.go:74.2,74.12 1 1
github.com/victorihuoma/polymarket-watch/internal/discovery/discovery.go:78.44,79.25 1 1
github.com/victorihuoma/polymarket-watch/internal/discovery/discovery.go:79.25,81.3 1 1
github.com/victorihuoma/polymarket-watch/internal/discovery/discovery.go:82.2,82.24 1 1
github.com/victorihuoma/polymarket-watch/internal/discovery/discovery.go:82.24,84.3 1 1
github.com/victorihuoma/polymarket-watch/internal/discovery/discovery.go:85.2,85.20 1 1
github.com/victorihuoma/polymarket-watch/internal/discovery/discovery.go:85.20,87.3 1 1
github.com/victorihuoma/polymarket-watch/internal/discovery/discovery.go:88.2,88.25 1 1
github.com/victorihuoma/polymarket-watch/internal/discovery/discovery.go:88.25,90.3 1 1
github.com/victorihuoma/polymarket-watch/internal/discovery/discovery.go:142.51,143.48 1 1
github.com/victorihuoma/polymarket-watch/internal/discovery/discovery.go:143.48,145.3 1 1
github.com/victorihuoma/polymarket-watch/internal/discovery/discovery.go:146.2,146.35 1 1
github.com/victorihuoma/polymarket-watch/internal/discovery/discovery.go:150.53,151.27 1 1
github.com/victorihuoma/polymarket-watch/internal/discovery/discovery.go:151.27,153.3 1 1
github.com/victorihuoma/polymarket-watch/internal/discovery/discovery.go:154.2,154.60 1 1
github.com/victorihuoma/polymarket-watch/internal/discovery/discovery.go:168.44,176.2 1 1
github.com/victorihuoma/polymarket-watch/internal/discovery/discovery.go:179.62,181.2 1 1
github.com/victorihuoma/polymarket-watch/internal/discovery/discovery.go:185.69,187.30 2 1
github.com/victorihuoma/polymarket-watch/internal/discovery/discovery.go:187.30,188.64 1 1
github.com/victorihuoma/polymarket-watch/internal/discovery/discovery.go:188.64,190.4 1 1
github.com/victorihuoma/polymarket-watch/internal/discovery/discovery.go:192.2,192.13 1 1
github.com/victorihuoma/polymarket-watch/internal/discovery/discovery.go:196.38,198.2 1 1
github.com/victorihuoma/polymarket-watch/internal/discovery/discovery.go:202.44,203.44 1 1
github.com/victorihuoma/polymarket-watch/internal/discovery/discovery.go:203.44,205.71 1 1
github.com/victorihuoma/polymarket-watch/internal/discovery/discovery.go:205.71,207.4 1 1
github.com/victorihuoma/polymarket-watch/internal/discovery/discovery.go:208.3,208.37 1 1
github.com/victorihuoma/polymarket-watch/internal/discovery/discovery.go:208.37,210.4 1 0
github.com/victorihuoma/polymarket-watch/internal/discovery/discovery.go:211.3,211.37 1 1
github.com/victorihuoma/polymarket-watch/internal/discovery/discovery.go:211.37,213.4 1 1
github.com/victorihuoma/polymarket-watch/internal/discovery/discovery.go:215.3,215.77 1 1
github.com/victorihuoma/polymarket-watch/internal/discovery/discovery.go:251.70,252.29 1 1
github.com/victorihuoma/polymarket-watch/internal/discovery/discovery.go:252.29,254.3 1 1
github.com/victorihuoma/polymarket-watch/internal/discovery/discovery.go:258.73,259.29 1 1
github.com/victorihuoma/polymarket-watch/internal/discovery/discovery.go:259.29,261.3 1 1
github.com/victorihuoma/polymarket-watch/internal/discovery/discovery.go:265.66,266.29 1 1
github.com/victorihuoma/polymarket-watch/internal/discovery/discovery.go:266.29,268.3 1 1
github.com/victorihuoma/polymarket-watch/internal/discovery/discovery.go:273.58,280.27 2 1
github.com/victorihuoma/polymarket-watch/internal/discovery/discovery.go:280.27,282.3 1 1
github.com/victorihuoma/polymarket-watch/internal/discovery/discovery.go:284.2,284.10 1 1
github.com/victorihuoma/polymarket-watch/internal/discovery/discovery.go:298.101,300.40 1 1
github.com/victorihuoma/polymarket-watch/internal/discovery/discovery.go:300.40,302.3 1 1
github.com/victorihuoma/polymarket-watch/internal/discovery/discovery.go:303.2,309.16 4 1
github.com/victorihuoma/polymarket-watch/internal/discovery/discovery.go:309.16,311.3 1 1
github.com/victorihuoma/polymarket-watch/internal/discovery/discovery.go:314.2,315.16 2 1
github.com/victorihuoma/polymarket-watch/internal/discovery/discovery.go:315.16,317.3 1 1
github.com/victorihuoma/polymarket-watch/internal/discovery/discovery.go:320.2,320.28 1 1
github.com/victorihuoma/polymarket-watch/internal/discovery/discovery.go:320.28,329.3 1 1
github.com/victorihuoma/polymarket-watch/internal/discovery/discovery.go:330.2,334.18 3 1
github.com/victorihuoma/polymarket-watch/internal/discovery/discovery.go:334.18,336.3 1 1
github.com/victorihuoma/polymarket-watch/internal/discovery/discovery.go:336.8,338.44 1 1
github.com/victorihuoma/polymarket-watch/internal/discovery/discovery.go:338.44,340.4 1 1
github.com/victorihuoma/polymarket-watch/internal/discovery/discovery.go:343.2,346.20 3 1
github.com/victorihuoma/polymarket-watch/internal/discovery/discovery.go:351.107,356.45 3 1
github.com/victorihuoma/polymarket-watch/internal/discovery/discovery.go:356.45,357.24 1 1
github.com/victorihuoma/polymarket-watch/internal/discovery/discovery.go:357.24,358.12 1 0
github.com/victorihuoma/polymarket-watch/internal/discovery/discovery.go:360.3,361.17 2 1
github.com/victorihuoma/polymarket-watch/internal/discovery/discovery.go:361.17,363.4 1 1
github.com/victorihuoma/polymarket-watch/internal/discovery/discovery.go:364.3,364.20 1 1
github.com/victorihuoma/polymarket-watch/internal/discovery/discovery.go:364.20,373.4 2 1
github.com/victorihuoma/polymarket-watch/internal/discovery/discovery.go:377.2,377.40 1 1
github.com/victorihuoma/polymarket-watch/internal/discovery/discovery.go:377.40,379.17 2 1
github.com/victorihuoma/polymarket-watch/internal/discovery/discovery.go:379.17,381.4 1 1
github.com/victorihuoma/polymarket-watch/internal/discovery/discovery.go:382.3,382.49 1 1
github.com/victorihuoma/polymarket-watch/internal/discovery/discovery.go:382.49,391.4 2 1
github.com/victorihuoma/polymarket-watch/internal/discovery/discovery.go:395.2,395.23 1 1
github.com/victorihuoma/polymarket-watch/internal/discovery/discovery.go:395.23,404.17 3 1
github.com/victorihuoma/polymarket-watch/internal/discovery/discovery.go:404.17,406.4 1 1
github.com/victorihuoma/polymarket-watch/internal/discovery/discovery.go:407.3,407.37 1 1
github.com/victorihuoma/polymarket-watch/internal/discovery/discovery.go:407.37,408.33 1 1
github.com/victorihuoma/polymarket-watch/internal/discovery/discovery.go:408.33,417.5 2 1
github.com/victorihuoma/polymarket-watch/internal/discovery/discovery.go:421.2,421.21 1 1
github.com/victorihuoma/polymarket-watch/internal/discovery/discovery.go:426.146,429.33 2 1
github.com/victorihuoma/polymarket-watch/internal/discovery/discovery.go:429.33,431.17 2 1
github.com/victorihuoma/polymarket-watch/internal/discovery/discovery.go:431.17,433.4 1 1
github.com/victorihuoma/polymarket-watch/internal/discovery/discovery.go:436.3,436.39 1 1
github.com/victorihuoma/polymarket-watch/internal/discovery/discovery.go:436.39,437.47 1 1
github.com/victorihuoma/polymarket-watch/internal/discovery/discovery.go:437.47,440.11 3 1
github.com/victorihuoma/polymarket-watch/internal/discovery/discovery.go:440.11,446.6 4 1
github.com/victorihuoma/polymarket-watch/internal/discovery/discovery.go:446.11,453.6 1 1
github.com/victorihuoma/polymarket-watch/internal/discovery/discovery.go:458.2,458.24 1 1
github.com/victorihuoma/polymarket-watch/internal/discovery/discovery.go:462.140,465.28 2 1
github.com/victorihuoma/polymarket-watch/internal/discovery/discovery.go:465.28,467.3 1 1
github.com/victorihuoma/polymarket-watch/internal/discovery/discovery.go:470.2,474.28 4 1
github.com/victorihuoma/polymarket-watch/internal/discovery/discovery.go:474.28,478.32 3 1
github.com/victorihuoma/polymarket-watch/internal/discovery/discovery.go:478.32,482.11 2 1
github.com/victorihuoma/polymarket-watch/internal/discovery/discovery.go:483.27,484.18 1 1
github.com/victorihuoma/polymarket-watch/internal/discovery/discovery.go:484.18,484.27 1 1
github.com/victorihuoma/polymarket-watch/internal/discovery/discovery.go:485.22,489.11 4 1
github.com/victorihuoma/polymarket-watch/internal/discovery/discovery.go:493.4,494.18 2 1
github.com/victorihuoma/polymarket-watch/internal/discovery/discovery.go:494.18,499.5 4 1
github.com/victorihuoma/polymarket-watch/internal/discovery/discovery.go:502.4,506.44 4 1
github.com/victorihuoma/polymarket-watch/internal/discovery/discovery.go:506.44,508.5 1 1
github.com/victorihuoma/polymarket-watch/internal/discovery/discovery.go:509.4,510.15 2 1
github.com/victorihuoma/polymarket-watch/internal/discovery/discovery.go:514.2,514.11 1 1
github.com/victorihuoma/polymarket-watch/internal/models/position.go:68.53,70.51 2 1
github.com/victorihuoma/polymarket-watch/internal/models/position.go:70.51,72.3 1 0
github.com/victorihuoma/polymarket-watch/internal/models/position.go:74.2,82.28 7 1
github.com/victorihuoma/polymarket-watch/internal/models/position.go:82.28,84.17 2 1
github.com/victorihuoma/polymarket-watch/internal/models/position.go:84.17,86.4 1 1
github.com/victorihuoma/polymarket-watch/internal/models/position.go:87.3,87.23 1 1
github.com/victorihuoma/polymarket-watch/internal/models/position.go:91.2,91.20 1 1
github.com/victorihuoma/polymarket-watch/internal/models/position.go:91.20,93.17 2 1
github.com/victorihuoma/polymarket-watch/internal/models/position.go:93.17,95.4 1 1
github.com/victorihuoma/polymarket-watch/internal/models/position.go:96.3,96.16 1 1
github.com/victorihuoma/polymarket-watch/internal/models/position.go:99.2,99.24 1 1
github.com/victorihuoma/polymarket-watch/internal/models/position.go:99.24,101.17 2 1
github.com/victorihuoma/polymarket-watch/internal/models/position.go:101.17,103.4 1 1
github.com/victorihuoma/polymarket-watch/internal/models/position.go:104.3,104.24 1 1
github.com/victorihuoma/polymarket-watch/internal/models/position.go:107.2,107.28 1 1
github.com/victorihuoma/polymarket-watch/internal/models/position.go:107.28,109.17 2 1
github.com/victorihuoma/polymarket-watch/internal/models/position.go:109.17,111.4 1 0
github.com/victorihuoma/polymarket-watch/internal/models/position.go:112.3,112.32 1 1
github.com/victorihuoma/polymarket-watch/internal/models/position.go:115.2,115.28 1 1
github.com/victorihuoma/polymarket-watch/internal/models/position.go:115.28,117.17 2 1
github.com/victorihuoma/polymarket-watch/internal/models/position.go:117.17,119.4 1 0
github.com/victorihuoma/polymarket-watch/internal/models/position.go:120.3,120.32 1 1
github.com/victorihuoma/polymarket-watch/internal/models/position.go:123.2,123.27 1 1
github.com/victorihuoma/polymarket-watch/internal/models/position.go:123.27,125.17 2 1
github.com/victorihuoma/polymarket-watch/internal/models/position.go:125.17,127.4 1 0
github.com/victorihuoma/polymarket-watch/internal/models/position.go:128.3,128.30 1 1
github.com/victorihuoma/polymarket-watch/internal/models/position.go:131.2,131.19 1 1
github.com/victorihuoma/polymarket-watch/internal/models/position.go:131.19,133.17 2 1
github.com/victorihuoma/polymarket-watch/internal/models/position.go:133.17,135.4 1 0
github.com/victorihuoma/polymarket-watch/internal/models/position.go:136.3,136.14 1 1
github.com/victorihuoma/polymarket-watch/internal/models/position.go:139.2,139.27 1 1
github.com/victorihuoma/polymarket-watch/internal/models/position.go:139.27,141.17 2 1
github.com/victorihuoma/polymarket-watch/internal/models/position.go:141.17,143.4 1 0
github.com/victorihuoma/polymarket-watch/internal/models/position.go:144.3,144.30 1 1
github.com/victorihuoma/polymarket-watch/internal/models/position.go:147.2,147.26 1 1
github.com/victorihuoma/polymarket-watch/internal/models/position.go:147.26,149.17 2 1
github.com/victorihuoma/polymarket-watch/internal/models/position.go:149.17,151.4 1 0
github.com/victorihuoma/polymarket-watch/internal/models/position.go:152.3,152.28 1 1
github.com/victorihuoma/polymarket-watch/internal/models/position.go:155.2,155.24 1 1
github.com/victorihuoma/polymarket-watch/internal/models/position.go:155.24,157.17 2 1
github.com/victorihuoma/polymarket-watch/internal/models/position.go:157.17,159.4 1 0
github.com/victorihuoma/polymarket-watch/internal/models/position.go:160.3,160.24 1 1
github.com/victorihuoma/polymarket-watch/internal/models/position.go:163.2,163.12 1 1
github.com/victorihuoma/polymarket-watch/internal/models/position.go:167.33,169.2 1 1
github.com/victorihuoma/polymarket-watch/internal/models/position.go:172.32,174.2 1 1
github.com/victorihuoma/polymarket-watch/internal/models/position.go:177.36,179.2 1 1
github.com/victorihuoma/polymarket-watch/internal/models/position.go:182.40,184.2 1 1
github.com/victorihuoma/polymarket-watch/internal/models/position.go:190.75,192.25 2 1
github.com/victorihuoma/polymarket-watch/internal/models/position.go:192.25,193.37 1 1
github.com/victorihuoma/polymarket-watch/internal/models/position.go:193.37,195.4 1 1
github.com/victorihuoma/polymarket-watch/internal/models/position.go:197.2,197.17 1 1
github.com/victorihuoma/polymarket-watch/internal/models/position.go:201.45,203.25 2 1
github.com/victorihuoma/polymarket-watch/internal/models/position.go:203.25,205.3 1 1
github.com/victorihuoma/polymarket-watch/internal/models/position.go:206.2,206.14 1 1
github.com/victorihuoma/polymarket-watch/internal/models/position.go:222.42,224.2 1 1
github.com/victorihuoma/polymarket-watch/internal/models/position.go:227.45,229.2 1 1
github.com/victorihuoma/polymarket-watch/internal/models/position.go:233.63,236.25 2 1
github.com/victorihuoma/polymarket-watch/internal/models/position.go:236.25,238.3 1 1
github.com/victorihuoma/polymarket-watch/internal/models/position.go:240.2,241.50 2 1
github.com/victorihuoma/polymarket-watch/internal/models/position.go:241.50,243.28 2 1
github.com/victorihuoma/polymarket-watch/internal/models/position.go:243.28,244.53 1 1
github.com/victorihuoma/polymarket-watch/internal/models/position.go:244.53,246.5 1 1
github.com/victorihuoma/polymarket-watch/internal/models/position.go:247.4,247.52 1 1
github.com/victorihuoma/polymarket-watch/internal/models/position.go:247.52,249.5 1 1
github.com/victorihuoma/polymarket-watch/internal/models/position.go:252.3,252.36 1 1
github.com/victorihuoma/polymarket-watch/internal/models/position.go:252.36,258.4 1 1
github.com/victorihuoma/polymarket-watch/internal/models/position.go:261.2,261.14 1 1
github.com/victorihuoma/polymarket-watch/internal/models/report.go:57.47,64.2 1 1
github.com/victorihuoma/polymarket-watch/internal/models/report.go:67.63,69.2 1 1
github.com/victorihuoma/polymarket-watch/internal/models/report.go:72.56,74.2 1 1
github.com/victorihuoma/polymarket-watch/internal/models/report.go:79.67,81.40 2 1
github.com/victorihuoma/polymarket-watch/internal/models/report.go:81.40,83.9 2 1
github.com/victorihuoma/polymarket-watch/internal/models/report.go:83.9,85.4 1 1
github.com/victorihuoma/polymarket-watch/internal/models/report.go:88.2,88.25 1 1
github.com/victorihuoma/polymarket-watch/internal/models/report.go:92.56,94.2 1 1
github.com/victorihuoma/polymarket-watch/internal/models/report.go:98.40,99.9 1 1
github.com/victorihuoma/polymarket-watch/internal/models/report.go:100.24,101.16 1 1
github.com/victorihuoma/polymarket-watch/internal/models/report.go:102.24,103.18 1 1
github.com/victorihuoma/polymarket-watch/internal/models/report.go:104.10,105.15 1 1
github.com/victorihuoma/polymarket-watch/internal/models/report.go:110.53,111.59 1 1
github.com/victorihuoma/polymarket-watch/internal/models/report.go:111.59,113.3 1 1
github.com/victorihuoma/polymarket-watch/internal/models/report.go:114.2,114.46 1 1
github.com/victorihuoma/polymarket-watch/internal/models/report.go:118.44,119.24 1 1
github.com/victorihuoma/polymarket-watch/internal/models/report.go:119.24,121.3 1 1
github.com/victorihuoma/polymarket-watch/internal/models/report.go:122.2,124.14 3 1
github.com/victorihuoma/polymarket-watch/internal/models/report.go:124.14,126.3 1 1
github.com/victorihuoma/polymarket-watch/internal/models/report.go:127.2,127.38 1 1
github.com/victorihuoma/polymarket-watch/internal/models/trade.go:76.50,78.51 2 1
github.com/victorihuoma/polymarket-watch/internal/models/trade.go:78.51,80.3 1 0
github.com/victorihuoma/polymarket-watch/internal/models/trade.go:82.2,94.29 11 1
github.com/victorihuoma/polymarket-watch/internal/models/trade.go:94.29,96.3 1 1
github.com/victorihuoma/polymarket-watch/internal/models/trade.go:97.2,97.32 1 1
github.com/victorihuoma/polymarket-watch/internal/models/trade.go:97.32,99.3 1 1
github.com/victorihuoma/polymarket-watch/internal/models/trade.go:102.2,102.20 1 1
github.com/victorihuoma/polymarket-watch/internal/models/trade.go:102.20,104.17 2 1
github.com/victorihuoma/polymarket-watch/internal/models/trade.go:104.17,106.4 1 0
github.com/victorihuoma/polymarket-watch/internal/models/trade.go:107.3,107.16 1 1
github.com/victorihuoma/polymarket-watch/internal/models/trade.go:110.2,110.26 1 1
github.com/victorihuoma/polymarket-watch/internal/models/trade.go:110.26,112.17 2 1
github.com/victorihuoma/polymarket-watch/internal/models/trade.go:112.17,114.4 1 0
github.com/victorihuoma/polymarket-watch/internal/models/trade.go:115.3,115.21 1 1
github.com/victorihuoma/polymarket-watch/internal/models/trade.go:118.2,118.21 1 1
github.com/victorihuoma/polymarket-watch/internal/models/trade.go:118.21,120.17 2 1
github.com/victorihuoma/polymarket-watch/internal/models/trade.go:120.17,122.4 1 0
github.com/victorihuoma/polymarket-watch/internal/models/trade.go:123.3,123.18 1 1
github.com/victorihuoma/polymarket-watch/internal/models/trade.go:126.2,126.27 1 1
github.com/victorihuoma/polymarket-watch/internal/models/trade.go:126.27,128.17 2 1
github.com/victorihuoma/polymarket-watch/internal/models/trade.go:128.17,130.4 1 0
github.com/victorihuoma/polymarket-watch/internal/models/trade.go:131.3,131.22 1 1
github.com/victorihuoma/polymarket-watch/internal/models/trade.go:135.2,135.25 1 1
github.com/victorihuoma/polymarket-watch/internal/models/trade.go:135.25,137.17 2 1
github.com/victorihuoma/polymarket-watch/internal/models/trade.go:137.17,139.4 1 0
github.com/victorihuoma/polymarket-watch/internal/models/trade.go:140.3,140.26 1 1
github.com/victorihuoma/polymarket-watch/internal/models/trade.go:143.2,143.26 1 1
github.com/victorihuoma/polymarket-watch/internal/models/trade.go:143.26,145.17 2 1
github.com/victorihuoma/polymarket-watch/internal/models/trade.go:145.17,147.4 1 0
github.com/victorihuoma/polymarket-watch/internal/models/trade.go:148.3,148.28 1 1
github.com/victorihuoma/polymarket-watch/internal/models/trade.go:151.2,151.12 1 1
github.com/victorihuoma/polymarket-watch/internal/models/trade.go:155.30,157.2 1 1
github.com/victorihuoma/polymarket-watch/internal/models/trade.go:160.31,162.2 1 1
github.com/victorihuoma/polymarket-watch/internal/models/trade.go:165.33,167.2 1 1
github.com/victorihuoma/polymarket-watch/internal/models/trade.go:173.34,174.37 1 1
github.com/victorihuoma/polymarket-watch/internal/models/trade.go:174.37,176.3 1 1
github.com/victorihuoma/polymarket-watch/internal/models/trade.go:180.61,182.27 2 1
github.com/victorihuoma/polymarket-watch/internal/models/trade.go:182.27,183.29 1 1
github.com/victorihuoma/polymarket-watch/internal/models/trade.go:183.29,185.4 1 1
github.com/victorihuoma/polymarket-watch/internal/models/trade.go:187.2,187.17 1 1
github.com/victorihuoma/polymarket-watch/internal/models/trade.go:191.42,193.27 2 1
github.com/victorihuoma/polymarket-watch/internal/models/trade.go:193.27,195.3 1 1
github.com/victorihuoma/polymarket-watch/internal/models/trade.go:196.2,196.14 1 1
github.com/victorihuoma/polymarket-watch/internal/output/json.go:23.52,29.27 2 1
github.com/victorihuoma/polymarket-watch/internal/output/json.go:29.27,31.3 1 1
github.com/victorihuoma/polymarket-watch/internal/output/json.go:33.2,33.11 1 1
github.com/victorihuoma/polymarket-watch/internal/output/json.go:37.45,38.30 1 1
github.com/victorihuoma/polymarket-watch/internal/output/json.go:38.30,40.3 1 1
github.com/victorihuoma/polymarket-watch/internal/output/json.go:44.47,45.30 1 1
github.com/victorihuoma/polymarket-watch/internal/output/json.go:45.30,47.3 1 1
github.com/victorihuoma/polymarket-watch/internal/output/json.go:51.62,52.19 1 1
github.com/victorihuoma/polymarket-watch/internal/output/json.go:52.19,54.3 1 1
github.com/victorihuoma/polymarket-watch/internal/output/json.go:56.2,56.26 1 1
github.com/victorihuoma/polymarket-watch/internal/output/json.go:60.72,61.20 1 1
github.com/victorihuoma/polymarket-watch/internal/output/json.go:61.20,63.3 1 1
github.com/victorihuoma/polymarket-watch/internal/output/json.go:65.2,65.27 1 1
github.com/victorihuoma/polymarket-watch/internal/output/json.go:69.51,73.20 3 1
github.com/victorihuoma/polymarket-watch/internal/output/json.go:73.20,75.3 1 1
github.com/victorihuoma/polymarket-watch/internal/output/json.go:75.8,77.3 1 1
github.com/victorihuoma/polymarket-watch/internal/output/json.go:79.2,79.16 1 1
github.com/victorihuoma/polymarket-watch/internal/output/json.go:79.16,81.3 1 0
github.com/victorihuoma/polymarket-watch/internal/output/json.go:83.2,85.12 3 1
github.com/victorihuoma/polymarket-watch/internal/output/json.go:89.74,90.19 1 1
github.com/victorihuoma/polymarket-watch/internal/output/json.go:90.19,92.3 1 1
github.com/victorihuoma/polymarket-watch/internal/output/json.go:94.2,95.16 2 1
github.com/victorihuoma/polymarket-watch/internal/output/json.go:95.16,97.3 1 1
github.com/victorihuoma/polymarket-watch/internal/output/json.go:98.2,101.25 3 1
github.com/victorihuoma/polymarket-watch/internal/output/json.go:105.78,107.16 2 1
github.com/victorihuoma/polymarket-watch/internal/output/json.go:107.16,109.3 1 0
github.com/victorihuoma/polymarket-watch/internal/output/json.go:110.2,113.33 3 1
github.com/victorihuoma/polymarket-watch/internal/output/json.go:117.85,118.19 1 1
github.com/victorihuoma/polymarket-watch/internal/output/json.go:118.19,120.3 1 1
github.com/victorihuoma/polymarket-watch/internal/output/json.go:122.2,122.26 1 1
github.com/victorihuoma/polymarket-watch/internal/output/json.go:126.85,127.19 1 1
github.com/victorihuoma/polymarket-watch/internal/output/json.go:127.19,129.3 1 1
github.com/victorihuoma/polymarket-watch/internal/output/json.go:131.2,132.16 2 1
github.com/victorihuoma/polymarket-watch/internal/output/json.go:132.16,134.3 1 1
github.com/victorihuoma/polymarket-watch/internal/output/json.go:135.2,138.40 3 1
github.com/victorihuoma/polymarket-watch/internal/output/terminal.go:36.56,42.27 2 1
github.com/victorihuoma/polymarket-watch/internal/output/terminal.go:42.27,44.3 1 1
github.com/victorihuoma/polymarket-watch/internal/output/terminal.go:46.2,46.10 1 1
github.com/victorihuoma/polymarket-watch/internal/output/terminal.go:50.37,51.33 1 1
github.com/victorihuoma/polymarket-watch/internal/output/terminal.go:51.33,53.3 1 1
github.com/victorihuoma/polymarket-watch/internal/output/terminal.go:57.37,58.33 1 1
github.com/victorihuoma/polymarket-watch/internal/output/terminal.go:58.33,60.3 1 1
github.com/victorihuoma/polymarket-watch/internal/output/terminal.go:64.65,82.20 12 1
github.com/victorihuoma/polymarket-watch/internal/output/terminal.go:82.20,86.3 3 0
github.com/victorihuoma/polymarket-watch/internal/output/terminal.go:88.2,96.29 5 1
github.com/victorihuoma/polymarket-watch/internal/output/terminal.go:96.29,98.3 1 1
github.com/victorihuoma/polymarket-watch/internal/output/terminal.go:101.2,106.12 4 1
github.com/victorihuoma/polymarket-watch/internal/output/terminal.go:110.73,119.31 6 1
github.com/victorihuoma/polymarket-watch/internal/output/terminal.go:119.31,121.3 1 1
github.com/victorihuoma/polymarket-watch/internal/output/terminal.go:122.2,131.37 3 1
github.com/victorihuoma/polymarket-watch/internal/output/terminal.go:131.37,140.3 6 1
github.com/victorihuoma/polymarket-watch/internal/output/terminal.go:142.2,143.24 2 1
github.com/victorihuoma/polymarket-watch/internal/output/terminal.go:147.66,151.40 3 1
github.com/victorihuoma/polymarket-watch/internal/output/terminal.go:151.40,153.21 2 1
github.com/victorihuoma/polymarket-watch/internal/output/terminal.go:153.21,156.4 2 0
github.com/victorihuoma/polymarket-watch/internal/output/terminal.go:158.3,161.31 3 1
github.com/victorihuoma/polymarket-watch/internal/output/terminal.go:161.31,164.38 3 1
github.com/victorihuoma/polymarket-watch/internal/output/terminal.go:164.38,166.5 1 1
github.com/victorihuoma/polymarket-watch/internal/output/terminal.go:167.4,168.60 2 1
github.com/victorihuoma/polymarket-watch/internal/output/terminal.go:170.3,170.25 1 1
github.com/victorihuoma/polymarket-watch/internal/output/terminal.go:175.64,192.36 13 1
github.com/victorihuoma/polymarket-watch/internal/output/terminal.go:192.36,194.3 1 1
github.com/victorihuoma/polymarket-watch/internal/output/terminal.go:195.2,195.35 1 1
github.com/victorihuoma/polymarket-watch/internal/output/terminal.go:195.35,197.3 1 1
github.com/victorihuoma/polymarket-watch/internal/output/terminal.go:199.2,200.18 2 1
github.com/victorihuoma/polymarket-watch/internal/output/terminal.go:200.18,203.3 2 1
github.com/victorihuoma/polymarket-watch/internal/output/terminal.go:205.2,206.22 2 1
github.com/victorihuoma/polymarket-watch/internal/output/terminal.go:206.22,208.3 1 1
github.com/victorihuoma/polymarket-watch/internal/output/terminal.go:210.2,211.24 2 1
github.com/victorihuoma/polymarket-watch/internal/output/terminal.go:215.75,216.23 1 1
github.com/victorihuoma/polymarket-watch/internal/output/terminal.go:216.23,219.3 2 1
github.com/victorihuoma/polymarket-watch/internal/output/terminal.go:221.2,233.41 10 1
github.com/victorihuoma/polymarket-watch/internal/output/terminal.go:233.41,235.3 1 1
github.com/victorihuoma/polymarket-watch/internal/output/terminal.go:237.2,239.32 2 1
github.com/victorihuoma/polymarket-watch/internal/output/terminal.go:239.32,241.19 2 1
github.com/victorihuoma/polymarket-watch/internal/output/terminal.go:242.15,243.15 1 1
github.com/victorihuoma/polymarket-watch/internal/output/terminal.go:244.17,245.17 1 0
github.com/victorihuoma/polymarket-watch/internal/output/terminal.go:246.11,247.14 1 1
github.com/victorihuoma/polymarket-watch/internal/output/terminal.go:250.3,251.21 2 1
github.com/victorihuoma/polymarket-watch/internal/output/terminal.go:251.21,254.4 2 0
github.com/victorihuoma/polymarket-watch/internal/output/terminal.go:256.3,263.4 2 1
github.com/victorihuoma/polymarket-watch/internal/output/terminal.go:266.2,278.12 10 1
github.com/victorihuoma/polymarket-watch/internal/output/terminal.go:282.70,283.18 1 0
github.com/victorihuoma/polymarket-watch/internal/output/terminal.go:284.14,285.44 1 0
github.com/victorihuoma/polymarket-watch/internal/output/terminal.go:286.16,287.47 1 0
github.com/victorihuoma/polymarket-watch/internal/output/terminal.go:288.10,289.34 1 0
github.com/victorihuoma/polymarket-watch/internal/output/terminal.go:296.43,297.23 1 1
github.com/victorihuoma/polymarket-watch/internal/output/terminal.go:297.23,299.3 1 1
github.com/victorihuoma/polymarket-watch/internal/output/terminal.go:300.2,300.52 1 1
github.com/victorihuoma/polymarket-watch/internal/output/terminal.go:304.42,306.2 1 1
github.com/victorihuoma/polymarket-watch/internal/output/terminal.go:309.41,315.12 4 1
github.com/victorihuoma/polymarket-watch/internal/output/terminal.go:315.12,317.3 1 1
github.com/victorihuoma/polymarket-watch/internal/output/terminal.go:319.2,323.19 4 1
github.com/victorihuoma/polymarket-watch/internal/output/terminal.go:323.19,325.20 2 1
github.com/victorihuoma/polymarket-watch/internal/output/terminal.go:325.20,327.4 1 1
github.com/victorihuoma/polymarket-watch/internal/output/terminal.go:330.2,330.36 1 1
github.com/victorihuoma/polymarket-watch/internal/output/terminal.go:330.36,332.14 2 1
github.com/victorihuoma/polymarket-watch/internal/output/terminal.go:332.14,334.4 1 1
github.com/victorihuoma/polymarket-watch/internal/output/terminal.go:337.2,337.24 1 1
github.com/victorihuoma/polymarket-watch/internal/output/terminal.go:341.44,343.2 1 1
github.com/victorihuoma/polymarket-watch/internal/output/terminal.go:346.88,347.19 1 1
github.com/victorihuoma/polymarket-watch/internal/output/terminal.go:347.19,349.3 1 1
github.com/victorihuoma/polymarket-watch/internal/output/terminal.go:352.2,362.29 7 1
github.com/victorihuoma/polymarket-watch/internal/output/terminal.go:362.29,364.3 1 1
github.com/victorihuoma/polymarket-watch/internal/output/terminal.go:367.2,367.30 1 1
github.com/victorihuoma/polymarket-watch/internal/output/terminal.go:367.30,370.3 2 1
github.com/victorihuoma/polymarket-watch/internal/output/terminal.go:370.8,372.3 1 1
github.com/victorihuoma/polymarket-watch/internal/output/terminal.go:374.2,377.12 3 1
github.com/victorihuoma/polymarket-watch/internal/output/terminal.go:381.81,395.46 10 1
github.com/victorihuoma/polymarket-watch/internal/output/terminal.go:395.46,397.3 1 0
github.com/victorihuoma/polymarket-watch/internal/output/terminal.go:398.2,400.26 2 1
github.com/victorihuoma/polymarket-watch/internal/output/terminal.go:400.26,402.3 1 0
github.com/victorihuoma/polymarket-watch/internal/output/terminal.go:404.2,405.18 2 1
github.com/victorihuoma/polymarket-watch/internal/output/terminal.go:405.18,407.3 1 1
github.com/victorihuoma/polymarket-watch/internal/output/terminal.go:409.2,409.30 1 1
github.com/victorihuoma/polymarket-watch/internal/output/terminal.go:409.30,412.3 2 1
github.com/victorihuoma/polymarket-watch/internal/output/terminal.go:414.2,415.24 2 1
github.com/victorihuoma/polymarket-watch/internal/output/terminal.go:419.75,426.33 5 1
github.com/victorihuoma/polymarket-watch/internal/output/terminal.go:426.33,433.3 1 1
github.com/victorihuoma/polymarket-watch/internal/output/terminal.go:435.2,436.24 2 1
github.com/victorihuoma/polymarket-watch/internal/output/terminal.go:440.87,447.33 5 1
github.com/victorihuoma/polymarket-watch/internal/output/terminal.go:447.33,451.31 3 1
github.com/victorihuoma/polymarket-watch/internal/output/terminal.go:451.31,456.22 4 1
github.com/victorihuoma/polymarket-watch/internal/output/terminal.go:456.22,460.5 3 0
github.com/victorihuoma/polymarket-watch/internal/output/terminal.go:463.3,470.4 1 1
github.com/victorihuoma/polymarket-watch/internal/output/terminal.go:473.2,474.24 2 1
github.com/victorihuoma/polymarket-watch/internal/output/terminal.go:478.50,479.22 1 1
github.com/victorihuoma/polymarket-watch/internal/output/terminal.go:479.22,481.3 1 1
github.com/victorihuoma/polymarket-watch/internal/output/terminal.go:482.2,482.17 1 0
github.com/victorihuoma/polymarket-watch/internal/output/terminal.go:482.17,484.3 1 0
github.com/victorihuoma/polymarket-watch/internal/output/terminal.go:485.2,485.29 1 0
github.com/victorihuoma/polymarket-watch/cmd/polymarket-watch/main.go:29.13,30.44 1 0
github.com/victorihuoma/polymarket-watch/cmd/polymarket-watch/main.go:30.44,33.3 2 0
github.com/victorihuoma/polymarket-watch/cmd/polymarket-watch/main.go:37.31,53.2 6 1
github.com/victorihuoma/polymarket-watch/cmd/polymarket-watch/main.go:56.31,67.55 2 1
github.com/victorihuoma/polymarket-watch/cmd/polymarket-watch/main.go:67.55,68.20 1 0
github.com/victorihuoma/polymarket-watch/cmd/polymarket-watch/main.go:68.20,70.5 1 0
github.com/victorihuoma/polymarket-watch/cmd/polymarket-watch/main.go:73.4,78.14 5 0
github.com/victorihuoma/polymarket-watch/cmd/polymarket-watch/main.go:78.14,82.5 3 0
github.com/victorihuoma/polymarket-watch/cmd/polymarket-watch/main.go:85.4,87.18 3 0
github.com/victorihuoma/polymarket-watch/cmd/polymarket-watch/main.go:87.18,89.5 1 0
github.com/victorihuoma/polymarket-watch/cmd/polymarket-watch/main.go:92.4,92.55 1 0
github.com/victorihuoma/polymarket-watch/cmd/polymarket-watch/main.go:96.2,101.12 5 1
github.com/victorihuoma/polymarket-watch/cmd/polymarket-watch/main.go:105.32,119.55 2 1
github.com/victorihuoma/polymarket-watch/cmd/polymarket-watch/main.go:119.55,120.18 1 0
github.com/victorihuoma/polymarket-watch/cmd/polymarket-watch/main.go:120.18,122.5 1 0
github.com/victorihuoma/polymarket-watch/cmd/polymarket-watch/main.go:125.4,126.18 2 0
github.com/victorihuoma/polymarket-watch/cmd/polymarket-watch/main.go:126.18,128.5 1 0
github.com/victorihuoma/polymarket-watch/cmd/polymarket-watch/main.go:130.4,130.25 1 0
github.com/victorihuoma/polymarket-watch/cmd/polymarket-watch/main.go:130.25,132.5 1 0
github.com/victorihuoma/polymarket-watch/cmd/polymarket-watch/main.go:135.4,140.14 5 0
github.com/victorihuoma/polymarket-watch/cmd/polymarket-watch/main.go:140.14,144.5 3 0
github.com/victorihuoma/polymarket-watch/cmd/polymarket-watch/main.go:147.4,150.21 2 0
github.com/victorihuoma/polymarket-watch/cmd/polymarket-watch/main.go:150.21,152.28 2 0
github.com/victorihuoma/polymarket-watch/cmd/polymarket-watch/main.go:152.28,154.6 1 0
github.com/victorihuoma/polymarket-watch/cmd/polymarket-watch/main.go:157.4,157.25 1 0
github.com/victorihuoma/polymarket-watch/cmd/polymarket-watch/main.go:157.25,159.5 1 0
github.com/victorihuoma/polymarket-watch/cmd/polymarket-watch/main.go:162.4,162.57 1 0
github.com/victorihuoma/polymarket-watch/cmd/polymarket-watch/main.go:166.2,172.12 6 1
github.com/victorihuoma/polymarket-watch/cmd/polymarket-watch/main.go:178.61,180.16 2 1
github.com/victorihuoma/polymarket-watch/cmd/polymarket-watch/main.go:180.16,182.3 1 1
github.com/victorihuoma/polymarket-watch/cmd/polymarket-watch/main.go:183.2,188.21 4 1
github.com/victorihuoma/polymarket-watch/cmd/polymarket-watch/main.go:188.21,192.49 2 1
github.com/victorihuoma/polymarket-watch/cmd/polymarket-watch/main.go:192.49,193.12 1 1
github.com/victorihuoma/polymarket-watch/cmd/polymarket-watch/main.go:196.3,196.34 1 1
github.com/victorihuoma/polymarket-watch/cmd/polymarket-watch/main.go:199.2,199.38 1 1
github.com/victorihuoma/polymarket-watch/cmd/polymarket-watch/main.go:199.38,201.3 1 0
github.com/victorihuoma/polymarket-watch/cmd/polymarket-watch/main.go:203.2,203.21 1 1
github.com/victorihuoma/polymarket-watch/cmd/polymarket-watch/main.go:213.118,214.21 1 1
github.com/victorihuoma/polymarket-watch/cmd/polymarket-watch/main.go:214.21,216.3 1 1
github.com/victorihuoma/polymarket-watch/cmd/polymarket-watch/main.go:218.2,223.33 4 1
github.com/victorihuoma/polymarket-watch/cmd/polymarket-watch/main.go:223.33,225.21 2 1
github.com/victorihuoma/polymarket-watch/cmd/polymarket-watch/main.go:225.21,229.11 2 1
github.com/victorihuoma/polymarket-watch/cmd/polymarket-watch/main.go:230.33,231.18 1 1
github.com/victorihuoma/polymarket-watch/cmd/polymarket-watch/main.go:231.18,231.33 1 1
github.com/victorihuoma/polymarket-watch/cmd/polymarket-watch/main.go:232.22,234.11 2 1
github.com/victorihuoma/polymarket-watch/cmd/polymarket-watch/main.go:238.4,240.18 3 1
github.com/victorihuoma/polymarket-watch/cmd/polymarket-watch/main.go:240.18,243.5 2 1
github.com/victorihuoma/polymarket-watch/cmd/polymarket-watch/main.go:245.4,245.45 1 0
github.com/victorihuoma/polymarket-watch/cmd/polymarket-watch/main.go:250.2,250.12 1 1
github.com/victorihuoma/polymarket-watch/cmd/polymarket-watch/main.go:250.12,253.3 2 1
github.com/victorihuoma/polymarket-watch/cmd/polymarket-watch/main.go:256.2,259.34 3 1
github.com/victorihuoma/polymarket-watch/cmd/polymarket-watch/main.go:259.34,260.24 1 1
github.com/victorihuoma/polymarket-watch/cmd/polymarket-watch/main.go:260.24,262.4 1 1
github.com/victorihuoma/polymarket-watch/cmd/polymarket-watch/main.go:262.9,264.4 1 0
github.com/victorihuoma/polymarket-watch/cmd/polymarket-watch/main.go:267.2,267.22 1 1
github.com/victorihuoma/polymarket-watch/cmd/polymarket-watch/main.go:271.88,272.22 1 1
github.com/victorihuoma/polymarket-watch/cmd/polymarket-watch/main.go:272.22,273.17 1 1
github.com/victorihuoma/polymarket-watch/cmd/polymarket-watch/main.go:273.17,275.4 1 1
github.com/victorihuoma/polymarket-watch/cmd/polymarket-watch/main.go:277.3,278.17 2 1
github.com/victorihuoma/polymarket-watch/cmd/polymarket-watch/main.go:278.17,280.4 1 0
github.com/victorihuoma/polymarket-watch/cmd/polymarket-watch/main.go:281.3,283.33 3 1
github.com/victorihuoma/polymarket-watch/cmd/polymarket-watch/main.go:286.2,287.16 2 1
github.com/victorihuoma/polymarket-watch/cmd/polymarket-watch/main.go:287.16,289.3 1 0
github.com/victorihuoma/polymarket-watch/cmd/polymarket-watch/main.go:289.8,291.3 1 1
github.com/victorihuoma/polymarket-watch/cmd/polymarket-watch/main.go:293.2,293.32 1 1
github.com/victorihuoma/polymarket-watch/cmd/polymarket-watch/main.go:297.92,298.22 1 1
github.com/victorihuoma/polymarket-watch/cmd/polymarket-watch/main.go:298.22,299.17 1 1
github.com/victorihuoma/polymarket-watch/cmd/polymarket-watch/main.go:299.17,301.4 1 1
github.com/victorihuoma/polymarket-watch/cmd/polymarket-watch/main.go:303.3,304.17 2 1
github.com/victorihuoma/polymarket-watch/cmd/polymarket-watch/main.go:304.17,306.4 1 0
github.com/victorihuoma/polymarket-watch/cmd/polymarket-watch/main.go:307.3,309.41 3 1
github.com/victorihuoma/polymarket-watch/cmd/polymarket-watch/main.go:312.2,313.16 2 1
github.com/victorihuoma/polymarket-watch/cmd/polymarket-watch/main.go:313.16,315.3 1 0
github.com/victorihuoma/polymarket-watch/cmd/polymarket-watch/main.go:315.8,317.3 1 1
github.com/victorihuoma/polymarket-watch/cmd/polymarket-watch/main.go:319.2,319.40 1 1
github.com/victorihuoma/polymarket-watch/cmd/polymarket-watch/main.go:346.54,351.2 1 1
github.com/victorihuoma/polymarket-watch/cmd/polymarket-watch/main.go:354.62,358.2 3 1
github.com/victorihuoma/polymarket-watch/cmd/polymarket-watch/main.go:361.65,365.2 3 1
github.com/victorihuoma/polymarket-watch/cmd/polymarket-watch/main.go:368.46,370.2 1 1
github.com/victorihuoma/polymarket-watch/cmd/polymarket-watch/main.go:373.81,374.20 1 1
github.com/victorihuoma/polymarket-watch/cmd/polymarket-watch/main.go:374.20,376.3 1 1
github.com/victorihuoma/polymarket-watch/cmd/polymarket-watch/main.go:378.2,379.31 2 1
github.com/victorihuoma/polymarket-watch/cmd/polymarket-watch/main.go:379.31,380.35 1 1
github.com/victorihuoma/polymarket-watch/cmd/polymarket-watch/main.go:380.35,382.4 1 1
github.com/victorihuoma/polymarket-watch/cmd/polymarket-watch/main.go:384.2,384.18 1 1
github.com/victorihuoma/polymarket-watch/cmd/polymarket-watch/main.go:388.45,390.2 1 1
github.com/victorihuoma/polymarket-watch/cmd/polymarket-watch/main.go:393.52,405.2 3 1
github.com/victorihuoma/polymarket-watch/cmd/polymarket-watch/main.go:408.47,409.23 1 1
github.com/victorihuoma/polymarket-watch/cmd/polymarket-watch/main.go:409.23,411.3 1 0
github.com/victorihuoma/polymarket-watch/cmd/polymarket-watch/main.go:412.2,412.52 1 1
github.com/victorihuoma/polymarket-watch/cmd/polymarket-watch/main.go:416.34,432.55 2 1
github.com/victorihuoma/polymarket-watch/cmd/polymarket-watch/main.go:432.55,434.34 1 1
github.com/victorihuoma/polymarket-watch/cmd/polymarket-watch/main.go:434.34,436.5 1 1
github.com/victorihuoma/polymarket-watch/cmd/polymarket-watch/main.go:439.4,440.20 2 0
github.com/victorihuoma/polymarket-watch/cmd/polymarket-watch/main.go:440.20,442.5 1 0
github.com/victorihuoma/polymarket-watch/cmd/polymarket-watch/main.go:444.4,444.18 1 0
github.com/victorihuoma/polymarket-watch/cmd/polymarket-watch/main.go:444.18,446.19 2 0
github.com/victorihuoma/polymarket-watch/cmd/polymarket-watch/main.go:446.19,448.6 1 0
github.com/victorihuoma/polymarket-watch/cmd/polymarket-watch/main.go:449.5,449.46 1 0
github.com/victorihuoma/polymarket-watch/cmd/polymarket-watch/main.go:452.4,452.25 1 0
github.com/victorihuoma/polymarket-watch/cmd/polymarket-watch/main.go:452.25,454.5 1 0
github.com/victorihuoma/polymarket-watch/cmd/polymarket-watch/main.go:457.4,462.14 5 0
github.com/victorihuoma/polymarket-watch/cmd/polymarket-watch/main.go:462.14,466.5 3 0
github.com/victorihuoma/polymarket-watch/cmd/polymarket-watch/main.go:469.4,477.70 6 0
github.com/victorihuoma/polymarket-watch/cmd/polymarket-watch/main.go:481.2,487.12 6 1
github.com/victorihuoma/polymarket-watch/cmd/polymarket-watch/main.go:491.125,498.6 4 0
github.com/victorihuoma/polymarket-watch/cmd/polymarket-watch/main.go:498.6,499.10 1 0
github.com/victorihuoma/polymarket-watch/cmd/polymarket-watch/main.go:500.21,502.14 2 0
github.com/victorihuoma/polymarket-watch/cmd/polymarket-watch/main.go:503.19,504.51 1 0
github.com/victorihuoma/polymarket-watch/cmd/polymarket-watch/main.go:510.93,513.33 2 0
github.com/victorihuoma/polymarket-watch/cmd/polymarket-watch/main.go:513.33,514.10 1 0
github.com/victorihuoma/polymarket-watch/cmd/polymarket-watch/main.go:515.21,516.10 1 0
github.com/victorihuoma/polymarket-watch/cmd/polymarket-watch/main.go:517.11,517.11 0 0
github.com/victorihuoma/polymarket-watch/cmd/polymarket-watch/main.go:520.3,521.17 2 0
github.com/victorihuoma/polymarket-watch/cmd/polymarket-watch/main.go:521.17,523.12 2 0
github.com/victorihuoma/polymarket-watch/cmd/polymarket-watch/main.go:527.3,530.19 2 0
github.com/victorihuoma/polymarket-watch/cmd/polymarket-watch/main.go:530.19,532.4 1 0
github.com/victorihuoma/polymarket-watch/cmd/polymarket-watch/main.go:537.113,542.16 3 0
github.com/victorihuoma/polymarket-watch/cmd/polymarket-watch/main.go:542.16,544.3 1 0
github.com/victorihuoma/polymarket-watch/cmd/polymarket-watch/main.go:547.2,551.25 3 0
github.com/victorihuoma/polymarket-watch/cmd/polymarket-watch/main.go:551.25,555.3 1 0
github.com/victorihuoma/polymarket-watch/cmd/polymarket-watch/main.go:558.2,558.63 1 0
github.com/victorihuoma/polymarket-watch/cmd/polymarket-watch/main.go:558.63,567.3 1 0
github.com/victorihuoma/polymarket-watch/cmd/polymarket-watch/main.go:569.2,569.17 1 0
github.com/victorihuoma/polymarket-watch/cmd/polymarket-watch/main.go:573.73,574.67 1 0
github.com/victorihuoma/polymarket-watch/cmd/polymarket-watch/main.go:574.67,576.3 1 0
github.com/victorihuoma/polymarket-watch/cmd/polymarket-watch/main.go:579.2,579.43 1 0
github.com/victorihuoma/polymarket-watch/cmd/polymarket-watch/main.go:579.43,581.3 1 0
github.com/victorihuoma/polymarket-watch/cmd/polymarket-watch/main.go:584.2,584.43 1 0
github.com/victorihuoma/polymarket-watch/cmd/polymarket-watch/main.go:584.43,586.3 1 0
github.com/victorihuoma/polymarket-watch/cmd/polymarket-watch/main.go:589.2,590.23 2 0
github.com/victorihuoma/polymarket-watch/cmd/polymarket-watch/main.go:590.23,592.3 1 0
github.com/victorihuoma/polymarket-watch/cmd/polymarket-watch/main.go:594.2,598.35 3 0
github.com/victorihuoma/polymarket-watch/cmd/polymarket-watch/main.go:598.35,600.3 1 0
github.com/victorihuoma/polymarket-watch/cmd/polymarket-watch/main.go:602.2,602.18 1 0
github.com/victorihuoma/polymarket-watch/cmd/polymarket-watch/main.go:606.55,607.16 1 0
github.com/victorihuoma/polymarket-watch/cmd/polymarket-watch/main.go:607.16,609.17 2 0
github.com/victorihuoma/polymarket-watch/cmd/polymarket-watch/main.go:609.17,612.4 2 0
github.com/victorihuoma/polymarket-watch/cmd/polymarket-watch/main.go:613.3,613.28 1 0
github.com/victorihuoma/polymarket-watch/cmd/polymarket-watch/main.go:614.8,616.3 1 0
github.com/victorihuoma/polymarket-watch/cmd/polymarket-watch/main.go:620.35,661.55 2 1
github.com/victorihuoma/polymarket-watch/cmd/polymarket-watch/main.go:661.55,663.69 1 1
github.com/victorihuoma/polymarket-watch/cmd/polymarket-watch/main.go:663.69,665.5 1 1
github.com/victorihuoma/polymarket-watch/cmd/polymarket-watch/main.go:668.4,668.33 1 1
github.com/victorihuoma/polymarket-watch/cmd/polymarket-watch/main.go:668.33,670.5 1 1
github.com/victorihuoma/polymarket-watch/cmd/polymarket-watch/main.go:673.4,694.14 6 0
github.com/victorihuoma/polymarket-watch/cmd/polymarket-watch/main.go:694.14,698.5 3 0
github.com/victorihuoma/polymarket-watch/cmd/polymarket-watch/main.go:701.4,703.18 3 0
github.com/victorihuoma/polymarket-watch/cmd/polymarket-watch/main.go:703.18,705.5 1 0
github.com/victorihuoma/polymarket-watch/cmd/polymarket-watch/main.go:708.4,708.64 1 0
github.com/victorihuoma/polymarket-watch/cmd/polymarket-watch/main.go:713.2,734.12 15 1
github.com/victorihuoma/polymarket-watch/cmd/polymarket-watch/main.go:738.105,739.22 1 1
github.com/victorihuoma/polymarket-watch/cmd/polymarket-watch/main.go:739.22,740.17 1 1
github.com/victorihuoma/polymarket-watch/cmd/polymarket-watch/main.go:740.17,742.4 1 1
github.com/victorihuoma/polymarket-watch/cmd/polymarket-watch/main.go:744.3,745.17 2 1
github.com/victorihuoma/polymarket-watch/cmd/polymarket-watch/main.go:745.17,747.4 1 0
github.com/victorihuoma/polymarket-watch/cmd/polymarket-watch/main.go:748.3,750.48 3 1
github.com/victorihuoma/polymarket-watch/cmd/polymarket-watch/main.go:753.2,753.16 1 1
github.com/victorihuoma/polymarket-watch/cmd/polymarket-watch/main.go:753.16,756.3 2 1
github.com/victorihuoma/polymarket-watch/cmd/polymarket-watch/main.go:758.2,759.47 2 1
github.com/victorihuoma/polymarket-watch/internal/scanner/arbitrage.go:46.61,47.36 1 1
github.com/victorihuoma/polymarket-watch/internal/scanner/arbitrage.go:47.36,49.3 1 1
github.com/victorihuoma/polymarket-watch/internal/scanner/arbitrage.go:53.71,57.27 2 1
github.com/victorihuoma/polymarket-watch/internal/scanner/arbitrage.go:57.27,59.3 1 1
github.com/victorihuoma/polymarket-watch/internal/scanner/arbitrage.go:60.2,60.10 1 1
github.com/victorihuoma/polymarket-watch/internal/scanner/arbitrage.go:64.43,66.2 1 1
github.com/victorihuoma/polymarket-watch/internal/scanner/arbitrage.go:69.46,71.2 1 1
github.com/victorihuoma/polymarket-watch/internal/scanner/arbitrage.go:98.49,100.41 2 1
github.com/victorihuoma/polymarket-watch/internal/scanner/arbitrage.go:100.41,102.3 1 1
github.com/victorihuoma/polymarket-watch/internal/scanner/arbitrage.go:103.2,103.14 1 1
github.com/victorihuoma/polymarket-watch/internal/scanner/arbitrage.go:109.109,115.25 2 1
github.com/victorihuoma/polymarket-watch/internal/scanner/arbitrage.go:115.25,117.3 1 1
github.com/victorihuoma/polymarket-watch/internal/scanner/arbitrage.go:120.2,121.29 2 1
github.com/victorihuoma/polymarket-watch/internal/scanner/arbitrage.go:121.29,123.3 1 1
github.com/victorihuoma/polymarket-watch/internal/scanner/arbitrage.go:126.2,130.37 2 1
github.com/victorihuoma/polymarket-watch/internal/scanner/arbitrage.go:130.37,132.27 2 1
github.com/victorihuoma/polymarket-watch/internal/scanner/arbitrage.go:132.27,141.4 1 1
github.com/victorihuoma/polymarket-watch/internal/scanner/arbitrage.go:145.2,145.41 1 1
github.com/victorihuoma/polymarket-watch/internal/scanner/arbitrage.go:145.41,147.3 1 1
github.com/victorihuoma/polymarket-watch/internal/scanner/arbitrage.go:151.2,167.15 4 1
github.com/victorihuoma/polymarket-watch/internal/scanner/arbitrage.go:171.86,173.42 1 1
github.com/victorihuoma/polymarket-watch/internal/scanner/arbitrage.go:173.42,175.3 1 1
github.com/victorihuoma/polymarket-watch/internal/scanner/arbitrage.go:177.2,177.42 1 1
github.com/victorihuoma/polymarket-watch/internal/scanner/arbitrage.go:177.42,179.3 1 1
github.com/victorihuoma/polymarket-watch/internal/scanner/arbitrage.go:181.2,181.14 1 1
github.com/victorihuoma/polymarket-watch/internal/scanner/frequency.go:34.66,35.33 1 1
github.com/victorihuoma/polymarket-watch/internal/scanner/frequency.go:35.33,37.3 1 1
github.com/victorihuoma/polymarket-watch/internal/scanner/frequency.go:41.62,45.27 2 1
github.com/victorihuoma/polymarket-watch/internal/scanner/frequency.go:45.27,47.3 1 1
github.com/victorihuoma/polymarket-watch/internal/scanner/frequency.go:48.2,48.10 1 1
github.com/victorihuoma/polymarket-watch/internal/scanner/frequency.go:52.40,54.2 1 1
github.com/victorihuoma/polymarket-watch/internal/scanner/frequency.go:57.43,59.2 1 1
github.com/victorihuoma/polymarket-watch/internal/scanner/frequency.go:76.71,77.27 1 1
github.com/victorihuoma/polymarket-watch/internal/scanner/frequency.go:77.27,79.3 1 1
github.com/victorihuoma/polymarket-watch/internal/scanner/frequency.go:80.2,81.39 2 1
github.com/victorihuoma/polymarket-watch/internal/scanner/frequency.go:81.39,82.27 1 1
github.com/victorihuoma/polymarket-watch/internal/scanner/frequency.go:82.27,84.4 1 1
github.com/victorihuoma/polymarket-watch/internal/scanner/frequency.go:86.2,86.55 1 1
github.com/victorihuoma/polymarket-watch/internal/scanner/frequency.go:90.66,95.25 2 1
github.com/victorihuoma/polymarket-watch/internal/scanner/frequency.go:95.25,97.3 1 1
github.com/victorihuoma/polymarket-watch/internal/scanner/frequency.go:100.2,103.37 4 1
github.com/victorihuoma/polymarket-watch/internal/scanner/frequency.go:103.37,105.27 2 1
github.com/victorihuoma/polymarket-watch/internal/scanner/frequency.go:105.27,107.4 1 1
github.com/victorihuoma/polymarket-watch/internal/scanner/frequency.go:108.3,108.27 1 1
github.com/victorihuoma/polymarket-watch/internal/scanner/frequency.go:108.27,110.4 1 1
github.com/victorihuoma/polymarket-watch/internal/scanner/frequency.go:112.2,115.24 2 1
github.com/victorihuoma/polymarket-watch/internal/scanner/frequency.go:115.24,118.38 3 1
github.com/victorihuoma/polymarket-watch/internal/scanner/frequency.go:118.38,121.4 2 1
github.com/victorihuoma/polymarket-watch/internal/scanner/frequency.go:122.3,123.75 2 1
github.com/victorihuoma/polymarket-watch/internal/scanner/frequency.go:126.2,126.14 1 1
github.com/victorihuoma/polymarket-watch/internal/scanner/frequency.go:132.106,139.40 2 1
github.com/victorihuoma/polymarket-watch/internal/scanner/frequency.go:139.40,141.3 1 1
github.com/victorihuoma/polymarket-watch/internal/scanner/frequency.go:144.2,150.41 5 1
github.com/victorihuoma/polymarket-watch/internal/scanner/frequency.go:150.41,153.3 2 1
github.com/victorihuoma/polymarket-watch/internal/scanner/frequency.go:156.2,165.16 4 1
github.com/victorihuoma/polymarket-watch/internal/scanner/frequency.go:165.16,167.3 1 1
github.com/victorihuoma/polymarket-watch/internal/scanner/frequency.go:169.2,189.15 4 1
github.com/victorihuoma/polymarket-watch/internal/scanner/frequency.go:193.87,195.20 1 1
github.com/victorihuoma/polymarket-watch/internal/scanner/frequency.go:195.20,197.3 1 1
github.com/victorihuoma/polymarket-watch/internal/scanner/frequency.go:202.2,207.14 2 1
github.com/victorihuoma/polymarket-watch/internal/scanner/frequency.go:207.14,209.3 1 1
github.com/victorihuoma/polymarket-watch/internal/scanner/frequency.go:212.2,212.22 1 1
github.com/victorihuoma/polymarket-watch/internal/scanner/frequency.go:212.22,214.3 1 1
github.com/victorihuoma/polymarket-watch/internal/scanner/frequency.go:218.2,218.34 1 1
github.com/victorihuoma/polymarket-watch/internal/scanner/frequency.go:218.34,220.3 1 0
github.com/victorihuoma/polymarket-watch/internal/scanner/frequency.go:223.2,223.34 1 1
github.com/victorihuoma/polymarket-watch/internal/scanner/frequency.go:223.34,225.3 1 1
github.com/victorihuoma/polymarket-watch/internal/scanner/frequency.go:227.2,227.10 1 0
github.com/victorihuoma/polymarket-watch/internal/scanner/frequency.go:232.75,233.21 1 1
github.com/victorihuoma/polymarket-watch/internal/scanner/frequency.go:233.21,235.3 1 0
github.com/victorihuoma/polymarket-watch/internal/scanner/frequency.go:236.2,236.54 1 1
github.com/victorihuoma/polymarket-watch/internal/scanner/frequency.go:240.89,244.34 2 1
github.com/victorihuoma/polymarket-watch/internal/scanner/frequency.go:244.34,246.3 1 1
github.com/victorihuoma/polymarket-watch/internal/scanner/frequency.go:249.2,249.56 1 1
github.com/victorihuoma/polymarket-watch/internal/scanner/frequency.go:249.56,251.3 1 1
github.com/victorihuoma/polymarket-watch/internal/scanner/frequency.go:254.2,254.14 1 0
github.com/victorihuoma/polymarket-watch/internal/scanner/scanner.go:25.54,26.26 1 1
github.com/victorihuoma/polymarket-watch/internal/scanner/scanner.go:26.26,28.3 1 1
github.com/victorihuoma/polymarket-watch/internal/scanner/scanner.go:32.56,33.26 1 1
github.com/victorihuoma/polymarket-watch/internal/scanner/scanner.go:33.26,35.3 1 1
github.com/victorihuoma/polymarket-watch/internal/scanner/scanner.go:39.52,40.26 1 1
github.com/victorihuoma/polymarket-watch/internal/scanner/scanner.go:40.26,42.3 1 1
github.com/victorihuoma/polymarket-watch/internal/scanner/scanner.go:51.49,62.27 2 1
github.com/victorihuoma/polymarket-watch/internal/scanner/scanner.go:62.27,64.3 1 1
github.com/victorihuoma/polymarket-watch/internal/scanner/scanner.go:66.2,66.10 1 1
github.com/victorihuoma/polymarket-watch/internal/scanner/scanner.go:71.56,73.39 2 1
github.com/victorihuoma/polymarket-watch/internal/scanner/scanner.go:73.39,75.3 1 1
github.com/victorihuoma/polymarket-watch/internal/scanner/scanner.go:76.2,76.16 1 1
github.com/victorihuoma/polymarket-watch/internal/scanner/scanner.go:81.88,84.16 2 1
github.com/victorihuoma/polymarket-watch/internal/scanner/scanner.go:84.16,86.3 1 1
github.com/victorihuoma/polymarket-watch/internal/scanner/scanner.go:89.2,90.16 2 1
github.com/victorihuoma/polymarket-watch/internal/scanner/scanner.go:90.16,92.3 1 0
github.com/victorihuoma/polymarket-watch/internal/scanner/scanner.go:95.2,97.20 2 1
github.com/victorihuoma/polymarket-watch/internal/scanner/scanner.go:102.121,106.39 2 1
github.com/victorihuoma/polymarket-watch/internal/scanner/scanner.go:106.39,109.41 3 1
github.com/victorihuoma/polymarket-watch/internal/scanner/scanner.go:109.41,111.4 1 1
github.com/victorihuoma/polymarket-watch/internal/scanner/scanner.go:115.2,120.15 3 1
github.com/victorihuoma/polymarket-watch/internal/scanner/scanner.go:124.107,135.31 5 1
github.com/victorihuoma/polymarket-watch/internal/scanner/scanner.go:135.31,139.62 3 1
github.com/victorihuoma/polymarket-watch/internal/scanner/scanner.go:139.62,141.4 1 1
github.com/victorihuoma/polymarket-watch/internal/scanner/scanner.go:142.3,142.38 1 1
github.com/victorihuoma/polymarket-watch/internal/scanner/scanner.go:142.38,144.4 1 1
github.com/victorihuoma/polymarket-watch/internal/scanner/scanner.go:147.2,153.24 5 1
github.com/victorihuoma/polymarket-watch/internal/scanner/scanner.go:153.24,155.33 2 1
github.com/victorihuoma/polymarket-watch/internal/scanner/scanner.go:155.33,157.4 1 1
github.com/victorihuoma/polymarket-watch/internal/scanner/scanner.go:158.3,158.62 1 1
github.com/victorihuoma/polymarket-watch/internal/scanner/scanner.go:162.2,164.14 2 1
github.com/victorihuoma/polymarket-watch/internal/scanner/sizing.go:34.54,35.33 1 1
github.com/victorihuoma/polymarket-watch/internal/scanner/sizing.go:35.33,37.3 1 1
github.com/victorihuoma/polymarket-watch/internal/scanner/sizing.go:41.57,42.33 1 1
github.com/victorihuoma/polymarket-watch/internal/scanner/sizing.go:42.33,44.3 1 1
github.com/victorihuoma/polymarket-watch/internal/scanner/sizing.go:48.62,53.27 2 1
github.com/victorihuoma/polymarket-watch/internal/scanner/sizing.go:53.27,55.3 1 1
github.com/victorihuoma/polymarket-watch/internal/scanner/sizing.go:56.2,56.10 1 1
github.com/victorihuoma/polymarket-watch/internal/scanner/sizing.go:60.40,62.2 1 1
github.com/victorihuoma/polymarket-watch/internal/scanner/sizing.go:65.43,67.2 1 1
github.com/victorihuoma/polymarket-watch/internal/scanner/sizing.go:87.56,88.17 1 1
github.com/victorihuoma/polymarket-watch/internal/scanner/sizing.go:88.17,90.3 1 1
github.com/victorihuoma/polymarket-watch/internal/scanner/sizing.go:91.2,91.26 1 1
github.com/victorihuoma/polymarket-watch/internal/scanner/sizing.go:96.50,97.23 1 1
github.com/victorihuoma/polymarket-watch/internal/scanner/sizing.go:97.23,99.3 1 1
github.com/victorihuoma/polymarket-watch/internal/scanner/sizing.go:101.2,102.31 2 1
github.com/victorihuoma/polymarket-watch/internal/scanner/sizing.go:102.31,103.26 1 1
github.com/victorihuoma/polymarket-watch/internal/scanner/sizing.go:103.26,105.4 1 1
github.com/victorihuoma/polymarket-watch/internal/scanner/sizing.go:107.2,107.52 1 1
github.com/victorihuoma/polymarket-watch/internal/scanner/sizing.go:112.36,114.24 1 1
github.com/victorihuoma/polymarket-watch/internal/scanner/sizing.go:114.24,116.3 1 1
github.com/victorihuoma/polymarket-watch/internal/scanner/sizing.go:119.2,120.22 2 1
github.com/victorihuoma/polymarket-watch/internal/scanner/sizing.go:124.64,127.22 2 1
github.com/victorihuoma/polymarket-watch/internal/scanner/sizing.go:127.22,129.3 1 1
github.com/victorihuoma/polymarket-watch/internal/scanner/sizing.go:131.2,138.31 6 1
github.com/victorihuoma/polymarket-watch/internal/scanner/sizing.go:138.31,141.29 3 1
github.com/victorihuoma/polymarket-watch/internal/scanner/sizing.go:141.29,143.4 1 1
github.com/victorihuoma/polymarket-watch/internal/scanner/sizing.go:144.3,144.29 1 1
github.com/victorihuoma/polymarket-watch/internal/scanner/sizing.go:144.29,146.4 1 1
github.com/victorihuoma/polymarket-watch/internal/scanner/sizing.go:148.2,151.21 2 1
github.com/victorihuoma/polymarket-watch/internal/scanner/sizing.go:151.21,153.36 2 1
github.com/victorihuoma/polymarket-watch/internal/scanner/sizing.go:153.36,156.4 2 1
github.com/victorihuoma/polymarket-watch/internal/scanner/sizing.go:157.3,158.37 2 1
github.com/victorihuoma/polymarket-watch/internal/scanner/sizing.go:161.2,161.14 1 1
github.com/victorihuoma/polymarket-watch/internal/scanner/sizing.go:166.106,173.31 2 1
github.com/victorihuoma/polymarket-watch/internal/scanner/sizing.go:173.31,175.3 1 1
github.com/victorihuoma/polymarket-watch/internal/scanner/sizing.go:178.2,187.16 5 1
github.com/victorihuoma/polymarket-watch/internal/scanner/sizing.go:187.16,189.3 1 1
github.com/victorihuoma/polymarket-watch/internal/scanner/sizing.go:191.2,211.15 4 1
github.com/victorihuoma/polymarket-watch/internal/scanner/sizing.go:215.73,217.27 1 1
github.com/victorihuoma/polymarket-watch/internal/scanner/sizing.go:217.27,219.3 1 1
github.com/victorihuoma/polymarket-watch/internal/scanner/sizing.go:222.2,222.46 1 1
github.com/victorihuoma/polymarket-watch/internal/scanner/sizing.go:222.46,224.3 1 0
github.com/victorihuoma/polymarket-watch/internal/scanner/sizing.go:227.2,227.25 1 1
github.com/victorihuoma/polymarket-watch/internal/scanner/sizing.go:227.25,230.3 1 0
github.com/victorihuoma/polymarket-watch/internal/scanner/sizing.go:235.2,235.48 1 1
github.com/victorihuoma/polymarket-watch/internal/scanner/sizing.go:235.48,237.3 1 1
github.com/victorihuoma/polymarket-watch/internal/scanner/sizing.go:240.2,240.48 1 1
github.com/victorihuoma/polymarket-watch/internal/scanner/sizing.go:240.48,242.3 1 0
github.com/victorihuoma/polymarket-watch/internal/scanner/sizing.go:244.2,244.10 1 1
github.com/victorihuoma/polymarket-watch/internal/scanner/sizing.go:248.75,250.75 1 1
github.com/victorihuoma/polymarket-watch/internal/scanner/sizing.go:250.75,252.3 1 1
github.com/victorihuoma/polymarket-watch/internal/scanner/sizing.go:255.2,255.29 1 1
github.com/victorihuoma/polymarket-watch/internal/scanner/sizing.go:255.29,257.3 1 1
github.com/victorihuoma/polymarket-watch/internal/scanner/sizing.go:260.2,260.14 1 1
github.com/victorihuoma/polymarket-watch/internal/scanner/winrate.go:32.60,33.34 1 1
github.com/victorihuoma/polymarket-watch/internal/scanner/winrate.go:33.34,35.3 1 1
github.com/victorihuoma/polymarket-watch/internal/scanner/winrate.go:39.59,40.34 1 1
github.com/victorihuoma/polymarket-watch/internal/scanner/winrate.go:40.34,42.3 1 1
github.com/victorihuoma/polymarket-watch/internal/scanner/winrate.go:46.65,51.27 2 1
github.com/victorihuoma/polymarket-watch/internal/scanner/winrate.go:51.27,53.3 1 1
github.com/victorihuoma/polymarket-watch/internal/scanner/winrate.go:54.2,54.10 1 1
github.com/victorihuoma/polymarket-watch/internal/scanner/winrate.go:58.41,60.2 1 1
github.com/victorihuoma/polymarket-watch/internal/scanner/winrate.go:63.44,65.2 1 1
github.com/victorihuoma/polymarket-watch/internal/scanner/winrate.go:84.61,86.2 1 1
github.com/victorihuoma/polymarket-watch/internal/scanner/winrate.go:91.66,94.22 2 1
github.com/victorihuoma/polymarket-watch/internal/scanner/winrate.go:94.22,96.3 1 1
github.com/victorihuoma/polymarket-watch/internal/scanner/winrate.go:99.2,112.37 6 1
github.com/victorihuoma/polymarket-watch/internal/scanner/winrate.go:112.37,118.20 2 1
github.com/victorihuoma/polymarket-watch/internal/scanner/winrate.go:118.20,121.4 1 1
github.com/victorihuoma/polymarket-watch/internal/scanner/winrate.go:121.9,121.28 1 1
github.com/victorihuoma/polymarket-watch/internal/scanner/winrate.go:121.28,123.61 1 1
github.com/victorihuoma/polymarket-watch/internal/scanner/winrate.go:123.61,132.19 5 1
github.com/victorihuoma/polymarket-watch/internal/scanner/winrate.go:132.19,135.6 2 1
github.com/victorihuoma/polymarket-watch/internal/scanner/winrate.go:135.11,138.6 2 1
github.com/victorihuoma/polymarket-watch/internal/scanner/winrate.go:144.2,144.27 1 1
github.com/victorihuoma/polymarket-watch/internal/scanner/winrate.go:144.27,146.3 1 1
github.com/victorihuoma/polymarket-watch/internal/scanner/winrate.go:148.2,148.14 1 1
github.com/victorihuoma/polymarket-watch/internal/scanner/winrate.go:153.107,160.31 2 1
github.com/victorihuoma/polymarket-watch/internal/scanner/winrate.go:160.31,162.3 1 1
github.com/victorihuoma/polymarket-watch/internal/scanner/winrate.go:165.2,168.37 2 1
github.com/victorihuoma/polymarket-watch/internal/scanner/winrate.go:168.37,170.3 1 1
github.com/victorihuoma/polymarket-watch/internal/scanner/winrate.go:173.2,173.40 1 1
github.com/victorihuoma/polymarket-watch/internal/scanner/winrate.go:173.40,175.3 1 1
github.com/victorihuoma/polymarket-watch/internal/scanner/winrate.go:178.2,197.15 4 1
github.com/victorihuoma/polymarket-watch/internal/scanner/winrate.go:201.70,210.27 2 1
github.com/victorihuoma/polymarket-watch/internal/scanner/winrate.go:210.27,212.3 1 1
github.com/victorihuoma/polymarket-watch/internal/scanner/winrate.go:216.2,220.30 2 1
github.com/victorihuoma/polymarket-watch/internal/scanner/winrate.go:220.30,222.3 1 0
github.com/victorihuoma/polymarket-watch/internal/scanner/winrate.go:225.2,225.17 1 1
github.com/victorihuoma/polymarket-watch/internal/scanner/winrate.go:225.17,227.3 1 0
github.com/victorihuoma/polymarket-watch/internal/scanner/winrate.go:229.2,229.14 1 1
github.com/victorihuoma/polymarket-watch/internal/scanner/winrate.go:233.85,235.63 1 1
github.com/victorihuoma/polymarket-watch/internal/scanner/winrate.go:235.63,237.3 1 1
github.com/victorihuoma/polymarket-watch/internal/scanner/winrate.go:240.2,240.42 1 1
github.com/victorihuoma/polymarket-watch/internal/scanner/winrate.go:240.42,242.3 1 1
github.com/victorihuoma/polymarket-watch/internal/scanner/winrate.go:245.2,245.14 1 1
github.com/victorihuoma/polymarket-watch/internal/api/client.go:47.56,48.25 1 1
github.com/victorihuoma/polymarket-watch/internal/api/client.go:48.25,49.29 1 1
github.com/victorihuoma/polymarket-watch/internal/api/client.go:49.29,51.4 1 1
github.com/victorihuoma/polymarket-watch/internal/api/client.go:52.3,52.52 1 1
github.com/victorihuoma/polymarket-watch/internal/api/client.go:57.54,58.25 1 1
github.com/victorihuoma/polymarket-watch/internal/api/client.go:58.25,60.3 1 1
github.com/victorihuoma/polymarket-watch/internal/api/client.go:64.44,65.25 1 1
github.com/victorihuoma/polymarket-watch/internal/api/client.go:65.25,66.18 1 1
github.com/victorihuoma/polymarket-watch/internal/api/client.go:66.18,68.4 1 0
github.com/victorihuoma/polymarket-watch/internal/api/client.go:69.3,69.22 1 1
github.com/victorihuoma/polymarket-watch/internal/api/client.go:74.46,83.27 2 1
github.com/victorihuoma/polymarket-watch/internal/api/client.go:83.27,85.3 1 1
github.com/victorihuoma/polymarket-watch/internal/api/client.go:87.2,87.10 1 1
github.com/victorihuoma/polymarket-watch/internal/api/client.go:91.79,93.2 1 1
github.com/victorihuoma/polymarket-watch/internal/api/client.go:96.119,98.16 2 1
github.com/victorihuoma/polymarket-watch/internal/api/client.go:98.16,100.3 1 0
github.com/victorihuoma/polymarket-watch/internal/api/client.go:102.2,103.27 2 1
github.com/victorihuoma/polymarket-watch/internal/api/client.go:103.27,105.3 1 1
github.com/victorihuoma/polymarket-watch/internal/api/client.go:106.2,108.60 2 1
github.com/victorihuoma/polymarket-watch/internal/api/client.go:112.111,116.52 3 1
github.com/victorihuoma/polymarket-watch/internal/api/client.go:116.52,118.49 1 1
github.com/victorihuoma/polymarket-watch/internal/api/client.go:118.49,120.4 1 0
github.com/victorihuoma/polymarket-watch/internal/api/client.go:122.3,123.17 2 1
github.com/victorihuoma/polymarket-watch/internal/api/client.go:123.17,125.4 1 0
github.com/victorihuoma/polymarket-watch/internal/api/client.go:126.3,129.17 3 1
github.com/victorihuoma/polymarket-watch/internal/api/client.go:129.17,132.24 2 1
github.com/victorihuoma/polymarket-watch/internal/api/client.go:132.24,134.5 1 1
github.com/victorihuoma/polymarket-watch/internal/api/client.go:136.4,136.27 1 0
github.com/victorihuoma/polymarket-watch/internal/api/client.go:136.27,138.5 1 0
github.com/victorihuoma/polymarket-watch/internal/api/client.go:139.4,139.12 1 0
github.com/victorihuoma/polymarket-watch/internal/api/client.go:143.3,143.67 1 1
github.com/victorihuoma/polymarket-watch/internal/api/client.go:143.67,148.12 4 1
github.com/victorihuoma/polymarket-watch/internal/api/client.go:151.3,151.19 1 1
github.com/victorihuoma/polymarket-watch/internal/api/client.go:155.2,155.21 1 0
github.com/victorihuoma/polymarket-watch/internal/api/client.go:155.21,157.3 1 0
github.com/victorihuoma/polymarket-watch/internal/api/client.go:158.2,158.21 1 0
github.com/victorihuoma/polymarket-watch/internal/api/client.go:162.60,165.27 2 1
github.com/victorihuoma/polymarket-watch/internal/api/client.go:165.27,167.3 1 0
github.com/victorihuoma/polymarket-watch/internal/api/client.go:169.2,170.9 2 1
github.com/victorihuoma/polymarket-watch/internal/api/client.go:171.20,172.15 1 0
github.com/victorihuoma/polymarket-watch/internal/api/client.go:173.17,173.17 0 1
github.com/victorihuoma/polymarket-watch/internal/api/client.go:187.57,195.2 2 1
github.com/victorihuoma/polymarket-watch/internal/api/client.go:198.55,199.6 1 1
github.com/victorihuoma/polymarket-watch/internal/api/client.go:199.6,203.22 3 1
github.com/victorihuoma/polymarket-watch/internal/api/client.go:203.22,207.4 3 1
github.com/victorihuoma/polymarket-watch/internal/api/client.go:210.3,215.10 4 1
github.com/victorihuoma/polymarket-watch/internal/api/client.go:216.21,218.20 2 0
github.com/victorihuoma/polymarket-watch/internal/api/client.go:219.18,219.18 0 1
github.com/victorihuoma/polymarket-watch/internal/api/client.go:226.32,230.28 4 1
github.com/victorihuoma/polymarket-watch/internal/api/client.go:230.28,232.3 1 0
github.com/victorihuoma/polymarket-watch/internal/api/client.go:233.2,233.24 1 1
github.com/victorihuoma/polymarket-watch/internal/api/data_api.go:33.47,34.26 1 1
github.com/victorihuoma/polymarket-watch/internal/api/data_api.go:34.26,36.3 1 1
github.com/victorihuoma/polymarket-watch/internal/api/data_api.go:40.48,41.26 1 1
github.com/victorihuoma/polymarket-watch/internal/api/data_api.go:41.26,43.3 1 1
github.com/victorihuoma/polymarket-watch/internal/api/data_api.go:47.49,53.27 2 1
github.com/victorihuoma/polymarket-watch/internal/api/data_api.go:53.27,55.3 1 1
github.com/victorihuoma/polymarket-watch/internal/api/data_api.go:57.2,57.10 1 1
github.com/victorihuoma/polymarket-watch/internal/api/data_api.go:73.57,76.17 2 1
github.com/victorihuoma/polymarket-watch/internal/api/data_api.go:76.17,78.3 1 1
github.com/victorihuoma/polymarket-watch/internal/api/data_api.go:79.2,79.18 1 1
github.com/victorihuoma/polymarket-watch/internal/api/data_api.go:79.18,81.3 1 1
github.com/victorihuoma/polymarket-watch/internal/api/data_api.go:82.2,82.20 1 1
github.com/victorihuoma/polymarket-watch/internal/api/data_api.go:82.20,84.3 1 1
github.com/victorihuoma/polymarket-watch/internal/api/data_api.go:85.2,85.18 1 1
github.com/victorihuoma/polymarket-watch/internal/api/data_api.go:85.18,87.3 1 1
github.com/victorihuoma/polymarket-watch/internal/api/data_api.go:89.2,89.15 1 1
github.com/victorihuoma/polymarket-watch/internal/api/data_api.go:103.60,106.17 2 1
github.com/victorihuoma/polymarket-watch/internal/api/data_api.go:106.17,108.3 1 1
github.com/victorihuoma/polymarket-watch/internal/api/data_api.go:109.2,109.18 1 1
github.com/victorihuoma/polymarket-watch/internal/api/data_api.go:109.18,111.3 1 1
github.com/victorihuoma/polymarket-watch/internal/api/data_api.go:112.2,112.25 1 1
github.com/victorihuoma/polymarket-watch/internal/api/data_api.go:112.25,114.3 1 1
github.com/victorihuoma/polymarket-watch/internal/api/data_api.go:116.2,116.15 1 1
github.com/victorihuoma/polymarket-watch/internal/api/data_api.go:130.58,133.24 2 1
github.com/victorihuoma/polymarket-watch/internal/api/data_api.go:133.24,135.3 1 1
github.com/victorihuoma/polymarket-watch/internal/api/data_api.go:136.2,136.17 1 1
github.com/victorihuoma/polymarket-watch/internal/api/data_api.go:136.17,138.3 1 1
github.com/victorihuoma/polymarket-watch/internal/api/data_api.go:139.2,139.22 1 1
github.com/victorihuoma/polymarket-watch/internal/api/data_api.go:139.22,141.3 1 1
github.com/victorihuoma/polymarket-watch/internal/api/data_api.go:143.2,143.15 1 1
github.com/victorihuoma/polymarket-watch/internal/api/data_api.go:147.91,149.2 1 1
github.com/victorihuoma/polymarket-watch/internal/api/data_api.go:152.126,159.16 5 1
github.com/victorihuoma/polymarket-watch/internal/api/data_api.go:159.16,161.3 1 1
github.com/victorihuoma/polymarket-watch/internal/api/data_api.go:162.2,164.38 2 1
github.com/victorihuoma/polymarket-watch/internal/api/data_api.go:164.38,167.3 2 1
github.com/victorihuoma/polymarket-watch/internal/api/data_api.go:169.2,170.67 2 1
github.com/victorihuoma/polymarket-watch/internal/api/data_api.go:170.67,172.3 1 1
github.com/victorihuoma/polymarket-watch/internal/api/data_api.go:174.2,174.20 1 1
github.com/victorihuoma/polymarket-watch/internal/api/data_api.go:179.94,183.6 3 1
github.com/victorihuoma/polymarket-watch/internal/api/data_api.go:183.6,190.17 3 1
github.com/victorihuoma/polymarket-watch/internal/api/data_api.go:190.17,192.4 1 0
github.com/victorihuoma/polymarket-watch/internal/api/data_api.go:194.3,197.36 2 1
github.com/victorihuoma/polymarket-watch/internal/api/data_api.go:197.36,198.9 1 1
github.com/victorihuoma/polymarket-watch/internal/api/data_api.go:201.3,201.28 1 1
github.com/victorihuoma/polymarket-watch/internal/api/data_api.go:204.2,204.23 1 1
github.com/victorihuoma/polymarket-watch/internal/api/data_api.go:208.97,210.2 1 1
github.com/victorihuoma/polymarket-watch/internal/api/data_api.go:213.135,220.16 5 1
github.com/victorihuoma/polymarket-watch/internal/api/data_api.go:220.16,222.3 1 0
github.com/victorihuoma/polymarket-watch/internal/api/data_api.go:223.2,225.38 2 1
github.com/victorihuoma/polymarket-watch/internal/api/data_api.go:225.38,228.3 2 1
github.com/victorihuoma/polymarket-watch/internal/api/data_api.go:230.2,231.70 2 1
github.com/victorihuoma/polymarket-watch/internal/api/data_api.go:231.70,233.3 1 0
github.com/victorihuoma/polymarket-watch/internal/api/data_api.go:235.2,235.23 1 1
github.com/victorihuoma/polymarket-watch/internal/api/data_api.go:240.100,244.6 3 1
github.com/victorihuoma/polymarket-watch/internal/api/data_api.go:244.6,251.17 3 1
github.com/victorihuoma/polymarket-watch/internal/api/data_api.go:251.17,253.4 1 0
github.com/victorihuoma/polymarket-watch/internal/api/data_api.go:255.3,258.39 2 1
github.com/victorihuoma/polymarket-watch/internal/api/data_api.go:258.39,259.9 1 1
github.com/victorihuoma/polymarket-watch/internal/api/data_api.go:262.3,262.28 1 1
github.com/victorihuoma/polymarket-watch/internal/api/data_api.go:265.2,265.26 1 1
github.com/victorihuoma/polymarket-watch/internal/api/data_api.go:280.51,289.51 3 1
github.com/victorihuoma/polymarket-watch/internal/api/data_api.go:289.51,291.3 1 0
github.com/victorihuoma/polymarket-watch/internal/api/data_api.go:293.2,294.21 2 1
github.com/victorihuoma/polymarket-watch/internal/api/data_api.go:294.21,296.3 1 1
github.com/victorihuoma/polymarket-watch/internal/api/data_api.go:298.2,298.22 1 1
github.com/victorihuoma/polymarket-watch/internal/api/data_api.go:298.22,300.17 2 1
github.com/victorihuoma/polymarket-watch/internal/api/data_api.go:300.17,302.4 1 1
github.com/victorihuoma/polymarket-watch/internal/api/data_api.go:303.3,303.20 1 1
github.com/victorihuoma/polymarket-watch/internal/api/data_api.go:306.2,306.12 1 1
github.com/victorihuoma/polymarket-watch/internal/api/data_api.go:322.50,326.24 3 1
github.com/victorihuoma/polymarket-watch/internal/api/data_api.go:326.24,327.32 1 1
github.com/victorihuoma/polymarket-watch/internal/api/data_api.go:327.32,328.28 1 1
github.com/victorihuoma/polymarket-watch/internal/api/data_api.go:328.28,331.5 2 1
github.com/victorihuoma/polymarket-watch/internal/api/data_api.go:335.2,335.16 1 1
github.com/victorihuoma/polymarket-watch/internal/api/data_api.go:340.41,342.24 2 1
github.com/victorihuoma/polymarket-watch/internal/api/data_api.go:342.24,344.3 1 1
github.com/victorihuoma/polymarket-watch/internal/api/data_api.go:345.2,345.14 1 1
github.com/victorihuoma/polymarket-watch/internal/api/data_api.go:349.66,351.24 2 1
github.com/victorihuoma/polymarket-watch/internal/api/data_api.go:351.24,352.32 1 1
github.com/victorihuoma/polymarket-watch/internal/api/data_api.go:352.32,353.31 1 1
github.com/victorihuoma/polymarket-watch/internal/api/data_api.go:353.31,355.5 1 1
github.com/victorihuoma/polymarket-watch/internal/api/data_api.go:358.2,358.16 1 1
github.com/victorihuoma/polymarket-watch/internal/api/data_api.go:368.96,374.16 4 1
github.com/victorihuoma/polymarket-watch/internal/api/data_api.go:374.16,376.3 1 1
github.com/victorihuoma/polymarket-watch/internal/api/data_api.go:377.2,379.38 2 1
github.com/victorihuoma/polymarket-watch/internal/api/data_api.go:379.38,382.3 2 1
github.com/victorihuoma/polymarket-watch/internal/api/data_api.go:384.2,385.68 2 1
github.com/victorihuoma/polymarket-watch/internal/api/data_api.go:385.68,387.3 1 1
github.com/victorihuoma/polymarket-watch/internal/api/data_api.go:389.2,389.21 1 1
github.com/victorihuoma/polymarket-watch/internal/api/data_api.go:395.111,396.16 1 1
github.com/victorihuoma/polymarket-watch/internal/api/data_api.go:396.16,398.3 1 1
github.com/victorihuoma/polymarket-watch/internal/api/data_api.go:400.2,405.32 2 1
github.com/victorihuoma/polymarket-watch/internal/api/gamma_api.go:30.53,31.27 1 1
github.com/victorihuoma/polymarket-watch/internal/api/gamma_api.go:31.27,33.3 1 1
github.com/victorihuoma/polymarket-watch/internal/api/gamma_api.go:37.54,38.27 1 1
github.com/victorihuoma/polymarket-watch/internal/api/gamma_api.go:38.27,40.3 1 1
github.com/victorihuoma/polymarket-watch/internal/api/gamma_api.go:44.52,50.27 2 1
github.com/victorihuoma/polymarket-watch/internal/api/gamma_api.go:50.27,52.3 1 1
github.com/victorihuoma/polymarket-watch/internal/api/gamma_api.go:54.2,54.10 1 1
github.com/victorihuoma/polymarket-watch/internal/api/gamma_api.go:92.51,113.50 3 1
github.com/victorihuoma/polymarket-watch/internal/api/gamma_api.go:113.50,115.3 1 0
github.com/victorihuoma/polymarket-watch/internal/api/gamma_api.go:117.2,130.22 12 1
github.com/victorihuoma/polymarket-watch/internal/api/gamma_api.go:130.22,132.17 2 1
github.com/victorihuoma/polymarket-watch/internal/api/gamma_api.go:132.17,134.4 1 0
github.com/victorihuoma/polymarket-watch/internal/api/gamma_api.go:135.3,135.22 1 1
github.com/victorihuoma/polymarket-watch/internal/api/gamma_api.go:139.2,139.24 1 1
github.com/victorihuoma/polymarket-watch/internal/api/gamma_api.go:139.24,141.17 2 1
github.com/victorihuoma/polymarket-watch/internal/api/gamma_api.go:141.17,143.4 1 0
github.com/victorihuoma/polymarket-watch/internal/api/gamma_api.go:144.3,144.26 1 1
github.com/victorihuoma/polymarket-watch/internal/api/gamma_api.go:147.2,147.21 1 1
github.com/victorihuoma/polymarket-watch/internal/api/gamma_api.go:147.21,149.17 2 1
github.com/victorihuoma/polymarket-watch/internal/api/gamma_api.go:149.17,151.4 1 0
github.com/victorihuoma/polymarket-watch/internal/api/gamma_api.go:152.3,152.20 1 1
github.com/victorihuoma/polymarket-watch/internal/api/gamma_api.go:155.2,155.25 1 1
github.com/victorihuoma/polymarket-watch/internal/api/gamma_api.go:155.25,157.17 2 1
github.com/victorihuoma/polymarket-watch/internal/api/gamma_api.go:157.17,159.4 1 0
github.com/victorihuoma/polymarket-watch/internal/api/gamma_api.go:160.3,160.28 1 1
github.com/victorihuoma/polymarket-watch/internal/api/gamma_api.go:163.2,163.12 1 1
github.com/victorihuoma/polymarket-watch/internal/api/gamma_api.go:167.56,168.27 1 0
github.com/victorihuoma/polymarket-watch/internal/api/gamma_api.go:168.27,170.3 1 0
github.com/victorihuoma/polymarket-watch/internal/api/gamma_api.go:172.2,173.79 2 0
github.com/victorihuoma/polymarket-watch/internal/api/gamma_api.go:173.79,175.3 1 0
github.com/victorihuoma/polymarket-watch/internal/api/gamma_api.go:177.2,178.34 2 0
github.com/victorihuoma/polymarket-watch/internal/api/gamma_api.go:178.34,180.17 2 0
github.com/victorihuoma/polymarket-watch/internal/api/gamma_api.go:180.17,182.4 1 0
github.com/victorihuoma/polymarket-watch/internal/api/gamma_api.go:183.3,183.20 1 0
github.com/victorihuoma/polymarket-watch/internal/api/gamma_api.go:186.2,186.20 1 0
github.com/victorihuoma/polymarket-watch/internal/api/gamma_api.go:190.50,191.22 1 0
github.com/victorihuoma/polymarket-watch/internal/api/gamma_api.go:191.22,193.3 1 0
github.com/victorihuoma/polymarket-watch/internal/api/gamma_api.go:195.2,196.70 2 0
github.com/victorihuoma/polymarket-watch/internal/api/gamma_api.go:196.70,198.3 1 0
github.com/victorihuoma/polymarket-watch/internal/api/gamma_api.go:200.2,200.22 1 0
github.com/victorihuoma/polymarket-watch/internal/api/gamma_api.go:207.48,209.23 2 1
github.com/victorihuoma/polymarket-watch/internal/api/gamma_api.go:209.23,210.28 1 1
github.com/victorihuoma/polymarket-watch/internal/api/gamma_api.go:210.28,212.4 1 1
github.com/victorihuoma/polymarket-watch/internal/api/gamma_api.go:214.2,214.15 1 1
github.com/victorihuoma/polymarket-watch/internal/api/gamma_api.go:218.68,219.23 1 0
github.com/victorihuoma/polymarket-watch/internal/api/gamma_api.go:219.23,220.35 1 0
github.com/victorihuoma/polymarket-watch/internal/api/gamma_api.go:220.35,222.4 1 0
github.com/victorihuoma/polymarket-watch/internal/api/gamma_api.go:224.2,224.12 1 0
github.com/victorihuoma/polymarket-watch/internal/api/gamma_api.go:229.100,231.23 2 1
github.com/victorihuoma/polymarket-watch/internal/api/gamma_api.go:231.23,232.44 1 1
github.com/victorihuoma/polymarket-watch/internal/api/gamma_api.go:232.44,233.12 1 1
github.com/victorihuoma/polymarket-watch/internal/api/gamma_api.go:235.3,235.56 1 1
github.com/victorihuoma/polymarket-watch/internal/api/gamma_api.go:235.56,236.12 1 1
github.com/victorihuoma/polymarket-watch/internal/api/gamma_api.go:238.3,238.53 1 1
github.com/victorihuoma/polymarket-watch/internal/api/gamma_api.go:238.53,239.12 1 1
github.com/victorihuoma/polymarket-watch/internal/api/gamma_api.go:241.3,241.33 1 1
github.com/victorihuoma/polymarket-watch/internal/api/gamma_api.go:243.2,243.17 1 1
github.com/victorihuoma/polymarket-watch/internal/api/gamma_api.go:248.48,249.37 1 1
github.com/victorihuoma/polymarket-watch/internal/api/gamma_api.go:249.37,250.16 1 1
github.com/victorihuoma/polymarket-watch/internal/api/gamma_api.go:251.20,252.44 1 1
github.com/victorihuoma/polymarket-watch/internal/api/gamma_api.go:253.21,254.46 1 1
github.com/victorihuoma/polymarket-watch/internal/api/gamma_api.go:255.11,256.38 1 1
github.com/victorihuoma/polymarket-watch/internal/api/gamma_api.go:274.58,277.21 2 1
github.com/victorihuoma/polymarket-watch/internal/api/gamma_api.go:277.21,279.3 1 1
github.com/victorihuoma/polymarket-watch/internal/api/gamma_api.go:280.2,280.21 1 1
github.com/victorihuoma/polymarket-watch/internal/api/gamma_api.go:280.21,282.3 1 1
github.com/victorihuoma/polymarket-watch/internal/api/gamma_api.go:283.2,283.17 1 1
github.com/victorihuoma/polymarket-watch/internal/api/gamma_api.go:283.17,285.3 1 1
github.com/victorihuoma/polymarket-watch/internal/api/gamma_api.go:286.2,286.18 1 1
github.com/victorihuoma/polymarket-watch/internal/api/gamma_api.go:286.18,288.3 1 1
github.com/victorihuoma/polymarket-watch/internal/api/gamma_api.go:290.2,290.15 1 1
github.com/victorihuoma/polymarket-watch/internal/api/gamma_api.go:309.57,312.20 2 1
github.com/victorihuoma/polymarket-watch/internal/api/gamma_api.go:312.20,314.3 1 1
github.com/victorihuoma/polymarket-watch/internal/api/gamma_api.go:315.2,315.21 1 1
github.com/victorihuoma/polymarket-watch/internal/api/gamma_api.go:315.21,317.3 1 1
github.com/victorihuoma/polymarket-watch/internal/api/gamma_api.go:318.2,318.25 1 1
github.com/victorihuoma/polymarket-watch/internal/api/gamma_api.go:318.25,320.3 1 1
github.com/victorihuoma/polymarket-watch/internal/api/gamma_api.go:321.2,321.24 1 1
github.com/victorihuoma/polymarket-watch/internal/api/gamma_api.go:321.24,323.3 1 1
github.com/victorihuoma/polymarket-watch/internal/api/gamma_api.go:324.2,324.17 1 1
github.com/victorihuoma/polymarket-watch/internal/api/gamma_api.go:324.17,326.3 1 1
github.com/victorihuoma/polymarket-watch/internal/api/gamma_api.go:328.2,328.15 1 1
github.com/victorihuoma/polymarket-watch/internal/api/gamma_api.go:332.88,336.16 3 1
github.com/victorihuoma/polymarket-watch/internal/api/gamma_api.go:336.16,338.3 1 1
github.com/victorihuoma/polymarket-watch/internal/api/gamma_api.go:339.2,341.38 2 1
github.com/victorihuoma/polymarket-watch/internal/api/gamma_api.go:341.38,344.3 2 1
github.com/victorihuoma/polymarket-watch/internal/api/gamma_api.go:346.2,347.67 2 1
github.com/victorihuoma/polymarket-watch/internal/api/gamma_api.go:347.67,349.3 1 1
github.com/victorihuoma/polymarket-watch/internal/api/gamma_api.go:351.2,351.21 1 1
github.com/victorihuoma/polymarket-watch/internal/api/gamma_api.go:355.72,357.2 1 1
github.com/victorihuoma/polymarket-watch/internal/api/gamma_api.go:360.108,367.21 5 1
github.com/victorihuoma/polymarket-watch/internal/api/gamma_api.go:367.21,369.3 1 1
github.com/victorihuoma/polymarket-watch/internal/api/gamma_api.go:369.8,371.3 1 1
github.com/victorihuoma/polymarket-watch/internal/api/gamma_api.go:373.2,373.16 1 1
github.com/victorihuoma/polymarket-watch/internal/api/gamma_api.go:373.16,375.3 1 1
github.com/victorihuoma/polymarket-watch/internal/api/gamma_api.go:376.2,378.38 2 1
github.com/victorihuoma/polymarket-watch/internal/api/gamma_api.go:378.38,381.3 2 1
github.com/victorihuoma/polymarket-watch/internal/api/gamma_api.go:383.2,384.68 2 1
github.com/victorihuoma/polymarket-watch/internal/api/gamma_api.go:384.68,386.3 1 0
github.com/victorihuoma/polymarket-watch/internal/api/gamma_api.go:388.2,388.21 1 1
github.com/victorihuoma/polymarket-watch/internal/api/gamma_api.go:394.99,397.16 2 1
github.com/victorihuoma/polymarket-watch/internal/api/gamma_api.go:397.16,399.3 1 1
github.com/victorihuoma/polymarket-watch/internal/api/gamma_api.go:402.2,409.18 4 1
github.com/victorihuoma/polymarket-watch/internal/api/gamma_api.go:409.18,411.3 1 1
github.com/victorihuoma/polymarket-watch/internal/api/gamma_api.go:414.2,417.50 2 1
github.com/victorihuoma/polymarket-watch/internal/api/gamma_api.go:417.50,419.3 1 1
github.com/victorihuoma/polymarket-watch/internal/api/gamma_api.go:421.2,421.22 1 1
github.com/victorihuoma/polymarket-watch/internal/api/gamma_api.go:426.87,427.16 1 1
github.com/victorihuoma/polymarket-watch/internal/api/gamma_api.go:427.16,429.3 1 1
github.com/victorihuoma/polymarket-watch/internal/api/gamma_api.go:431.2,435.16 4 1
github.com/victorihuoma/polymarket-watch/internal/api/gamma_api.go:435.16,437.3 1 1
github.com/victorihuoma/polymarket-watch/internal/api/gamma_api.go:438.2,440.38 2 1
github.com/victorihuoma/polymarket-watch/internal/api/gamma_api.go:440.38,443.3 2 1
github.com/victorihuoma/polymarket-watch/internal/api/gamma_api.go:445.2,446.68 2 1
github.com/victorihuoma/polymarket-watch/internal/api/gamma_api.go:446.68,448.3 1 1
github.com/victorihuoma/polymarket-watch/internal/api/gamma_api.go:450.2,450.23 1 1
github.com/victorihuoma/polymarket-watch/internal/api/gamma_api.go:450.23,452.3 1 1
github.com/victorihuoma/polymarket-watch/internal/api/gamma_api.go:454.2,454.24 1 1
