mode: set
github.com/victorihuoma/polymarket-watch/internal/discovery/discovery.go:60.45,65.57 3 1
github.com/victorihuoma/polymarket-watch/internal/discovery/discovery.go:65.57,67.3 1 1
github.com/victorihuoma/polymarket-watch/internal/discovery/discovery.go:70.2,70.35 1 1
github.com/victorihuoma/polymarket-watch/internal/discovery/discovery.go:70.35,72.3 1 1
github.com/victorihuoma/polymarket-watch/internal/discovery/discovery.go:74.2,74.12 1 1
github.com/victorihuoma/polymarket-watch/internal/discovery/discovery.go:78.44,79.25 1 1
github.com/victorihuoma/polymarket-watch/internal/discovery/discovery.go:79.25,81.3 1 1
github.com/victorihuoma/polymarket-watch/internal/discovery/discovery.go:82.2,82.24 1 1
github.com/victorihuoma/polymarket-watch/internal/discovery/discovery.go:82.24,84.3 1 1
github.com/victorihuoma/polymarket-watch/internal/discovery/discovery.go:85.2,85.20 1 1
github.com/victorihuoma/polymarket-watch/internal/discovery/discovery.go:85.20,87.3 1 1
github.com/victorihuoma/polymarket-watch/internal/discovery/discovery.go:88.2,88.25 1 1
github.com/victorihuoma/polymarket-watch/internal/discovery/discovery.go:88.25,90.3 1 1
github.com/victorihuoma/polymarket-watch/internal/discovery/discovery.go:142.51,143.48 1 1
github.com/victorihuoma/polymarket-watch/internal/discovery/discovery.go:143.48,145.3 1 1
github.com/victorihuoma/polymarket-watch/internal/discovery/discovery.go:146.2,146.35 1 1
github.com/victorihuoma/polymarket-watch/internal/discovery/discovery.go:150.53,151.27 1 1
github.com/victorihuoma/polymarket-watch/internal/discovery/discovery.go:151.27,153.3 1 1
github.com/victorihuoma/polymarket-watch/internal/discovery/discovery.go:154.2,154.60 1 1
github.com/victorihuoma/polymarket-watch/internal/discovery/discovery.go:168.44,176.2 1 1
github.com/victorihuoma/polymarket-watch/internal/discovery/discovery.go:179.62,181.2 1 1
github.com/victorihuoma/polymarket-watch/internal/discovery/discovery.go:185.69,187.30 2 1
github.com/victorihuoma/polymarket-watch/internal/discovery/discovery.go:187.30,188.64 1 1
github.com/victorihuoma/polymarket-watch/internal/discovery/discovery.go:188.64,190.4 1 1
github.com/victorihuoma/polymarket-watch/internal/discovery/discovery.go:192.2,192.13 1 1
github.com/victorihuoma/polymarket-watch/internal/discovery/discovery.go:196.38,198.2 1 1
github.com/victorihuoma/polymarket-watch/internal/discovery/discovery.go:202.44,203.44 1 1
github.com/victorihuoma/polymarket-watch/internal/discovery/discovery.go:203.44,205.71 1 1
github.com/victorihuoma/polymarket-watch/internal/discovery/discovery.go:205.71,207.4 1 1
github.com/victorihuoma/polymarket-watch/internal/discovery/discovery.go:208.3,208.37 1 1
github.com/victorihuoma/polymarket-watch/internal/discovery/discovery.go:208.37,210.4 1 0
github.com/victorihuoma/polymarket-watch/internal/discovery/discovery.go:211.3,211.37 1 1
github.com/victorihuoma/polymarket-watch/internal/discovery/discovery.go:211.37,213.4 1 1
github.com/victorihuoma/polymarket-watch/internal/discovery/discovery.go:215.3,215.77 1 1
github.com/victorihuoma/polymarket-watch/internal/discovery/discovery.go:251.70,252.29 1 1
github.com/victorihuoma/polymarket-watch/internal/discovery/discovery.go:252.29,254.3 1 1
github.com/victorihuoma/polymarket-watch/internal/discovery/discovery.go:258.73,259.29 1 1
github.com/victorihuoma/polymarket-watch/internal/discovery/discovery.go:259.29,261.3 1 1
github.com/victorihuoma/polymarket-watch/internal/discovery/discovery.go:265.66,266.29 1 1
github.com/victorihuoma/polymarket-watch/internal/discovery/discovery.go:266.29,268.3 1 1
github.com/victorihuoma/polymarket-watch/internal/discovery/discovery.go:273.58,280.27 2 1
github.com/victorihuoma/polymarket-watch/internal/discovery/discovery.go:280.27,282.3 1 1
github.com/victorihuoma/polymarket-watch/internal/discovery/discovery.go:284.2,284.10 1 1
github.com/victorihuoma/polymarket-watch/internal/discovery/discovery.go:298.101,300.40 1 1
github.com/victorihuoma/polymarket-watch/internal/discovery/discovery.go:300.40,302.3 1 1
github.com/victorihuoma/polymarket-watch/internal/discovery/discovery.go:303.2,309.16 4 1
github.com/victorihuoma/polymarket-watch/internal/discovery/discovery.go:309.16,311.3 1 1
github.com/victorihuoma/polymarket-watch/internal/discovery/discovery.go:314.2,315.16 2 1
github.com/victorihuoma/polymarket-watch/internal/discovery/discovery.go:315.16,317.3 1 1
github.com/victorihuoma/polymarket-watch/internal/discovery/discovery.go:320.2,320.28 1 1
github.com/victorihuoma/polymarket-watch/internal/discovery/discovery.go:320.28,329.3 1 1
github.com/victorihuoma/polymarket-watch/internal/discovery/discovery.go:330.2,334.18 3 1
github.com/victorihuoma/polymarket-watch/internal/discovery/discovery.go:334.18,336.3 1 1
github.com/victorihuoma/polymarket-watch/internal/discovery/discovery.go:336.8,338.44 1 1
github.com/victorihuoma/polymarket-watch/internal/discovery/discovery.go:338.44,340.4 1 1
github.com/victorihuoma/polymarket-watch/internal/discovery/discovery.go:343.2,346.20 3 1
github.com/victorihuoma/polymarket-watch/internal/discovery/discovery.go:351.107,356.45 3 1
github.com/victorihuoma/polymarket-watch/internal/discovery/discovery.go:356.45,357.24 1 1
github.com/victorihuoma/polymarket-watch/internal/discovery/discovery.go:357.24,358.12 1 0
github.com/victorihuoma/polymarket-watch/internal/discovery/discovery.go:360.3,361.17 2 1
github.com/victorihuoma/polymarket-watch/internal/discovery/discovery.go:361.17,363.4 1 1
github.com/victorihuoma/polymarket-watch/internal/discovery/discovery.go:364.3,364.20 1 1
github.com/victorihuoma/polymarket-watch/internal/discovery/discovery.go:364.20,373.4 2 1
github.com/victorihuoma/polymarket-watch/internal/discovery/discovery.go:377.2,377.40 1 1
github.com/victorihuoma/polymarket-watch/internal/discovery/discovery.go:377.40,379.17 2 1
github.com/victorihuoma/polymarket-watch/internal/discovery/discovery.go:379.17,381.4 1 1
github.com/victorihuoma/polymarket-watch/internal/discovery/discovery.go:382.3,382.49 1 1
github.com/victorihuoma/polymarket-watch/internal/discovery/discovery.go:382.49,391.4 2 1
github.com/victorihuoma/polymarket-watch/internal/discovery/discovery.go:395.2,395.23 1 1
github.com/victorihuoma/polymarket-watch/internal/discovery/discovery.go:395.23,404.17 3 1
github.com/victorihuoma/polymarket-watch/internal/discovery/discovery.go:404.17,406.4 1 1
github.com/victorihuoma/polymarket-watch/internal/discovery/discovery.go:407.3,407.37 1 1
github.com/victorihuoma/polymarket-watch/internal/discovery/discovery.go:407.37,408.33 1 1
github.com/victorihuoma/polymarket-watch/internal/discovery/discovery.go:408.33,417.5 2 1
github.com/victorihuoma/polymarket-watch/internal/discovery/discovery.go:421.2,421.21 1 1
github.com/victorihuoma/polymarket-watch/internal/discovery/discovery.go:426.146,429.33 2 1
github.com/victorihuoma/polymarket-watch/internal/discovery/discovery.go:429.33,431.17 2 1
github.com/victorihuoma/polymarket-watch/internal/discovery/discovery.go:431.17,433.4 1 1
github.com/victorihuoma/polymarket-watch/internal/discovery/discovery.go:436.3,436.39 1 1
github.com/victorihuoma/polymarket-watch/internal/discovery/discovery.go:436.39,437.47 1 1
github.com/victorihuoma/polymarket-watch/internal/discovery/discovery.go:437.47,440.11 3 1
github.com/victorihuoma/polymarket-watch/internal/discovery/discovery.go:440.11,446.6 4 1
github.com/victorihuoma/polymarket-watch/internal/discovery/discovery.go:446.11,453.6 1 1
github.com/victorihuoma/polymarket-watch/internal/discovery/discovery.go:458.2,458.24 1 1
github.com/victorihuoma/polymarket-watch/internal/discovery/discovery.go:462.140,465.28 2 1
github.com/victorihuoma/polymarket-watch/internal/discovery/discovery.go:465.28,467.3 1 1
github.com/victorihuoma/polymarket-watch/internal/discovery/discovery.go:470.2,474.28 4 1
github.com/victorihuoma/polymarket-watch/internal/discovery/discovery.go:474.28,478.32 3 1
github.com/victorihuoma/polymarket-watch/internal/discovery/discovery.go:478.32,482.11 2 1
github.com/victorihuoma/polymarket-watch/internal/discovery/discovery.go:483.27,484.18 1 1
github.com/victorihuoma/polymarket-watch/internal/discovery/discovery.go:484.18,484.27 1 1
github.com/victorihuoma/polymarket-watch/internal/discovery/discovery.go:485.22,489.11 4 1
github.com/victorihuoma/polymarket-watch/internal/discovery/discovery.go:493.4,494.18 2 1
github.com/victorihuoma/polymarket-watch/internal/discovery/discovery.go:494.18,499.5 4 1
github.com/victorihuoma/polymarket-watch/internal/discovery/discovery.go:502.4,506.44 4 1
github.com/victorihuoma/polymarket-watch/internal/discovery/discovery.go:506.44,508.5 1 1
github.com/victorihuoma/polymarket-watch/internal/discovery/discovery.go:509.4,510.15 2 1
github.com/victorihuoma/polymarket-watch/internal/discovery/discovery.go:514.2,514.11 1 1
