mode: set
github.com/victorihuoma/polymarket-watch/internal/scanner/arbitrage.go:46.61,47.36 1 1
github.com/victorihuoma/polymarket-watch/internal/scanner/arbitrage.go:47.36,49.3 1 1
github.com/victorihuoma/polymarket-watch/internal/scanner/arbitrage.go:53.71,57.27 2 1
github.com/victorihuoma/polymarket-watch/internal/scanner/arbitrage.go:57.27,59.3 1 1
github.com/victorihuoma/polymarket-watch/internal/scanner/arbitrage.go:60.2,60.10 1 1
github.com/victorihuoma/polymarket-watch/internal/scanner/arbitrage.go:64.43,66.2 1 1
github.com/victorihuoma/polymarket-watch/internal/scanner/arbitrage.go:69.46,71.2 1 1
github.com/victorihuoma/polymarket-watch/internal/scanner/arbitrage.go:98.49,100.41 2 1
github.com/victorihuoma/polymarket-watch/internal/scanner/arbitrage.go:100.41,102.3 1 1
github.com/victorihuoma/polymarket-watch/internal/scanner/arbitrage.go:103.2,103.14 1 1
github.com/victorihuoma/polymarket-watch/internal/scanner/arbitrage.go:109.109,115.25 2 1
github.com/victorihuoma/polymarket-watch/internal/scanner/arbitrage.go:115.25,117.3 1 1
github.com/victorihuoma/polymarket-watch/internal/scanner/arbitrage.go:120.2,121.29 2 1
github.com/victorihuoma/polymarket-watch/internal/scanner/arbitrage.go:121.29,123.3 1 1
github.com/victorihuoma/polymarket-watch/internal/scanner/arbitrage.go:126.2,130.37 2 1
github.com/victorihuoma/polymarket-watch/internal/scanner/arbitrage.go:130.37,132.27 2 1
github.com/victorihuoma/polymarket-watch/internal/scanner/arbitrage.go:132.27,141.4 1 1
github.com/victorihuoma/polymarket-watch/internal/scanner/arbitrage.go:145.2,145.41 1 1
github.com/victorihuoma/polymarket-watch/internal/scanner/arbitrage.go:145.41,147.3 1 1
github.com/victorihuoma/polymarket-watch/internal/scanner/arbitrage.go:151.2,167.15 4 1
github.com/victorihuoma/polymarket-watch/internal/scanner/arbitrage.go:171.86,173.42 1 1
github.com/victorihuoma/polymarket-watch/internal/scanner/arbitrage.go:173.42,175.3 1 0
github.com/victorihuoma/polymarket-watch/internal/scanner/arbitrage.go:177.2,177.42 1 1
github.com/victorihuoma/polymarket-watch/internal/scanner/arbitrage.go:177.42,179.3 1 1
github.com/victorihuoma/polymarket-watch/internal/scanner/arbitrage.go:181.2,181.14 1 1
github.com/victorihuoma/polymarket-watch/internal/scanner/frequency.go:34.66,35.33 1 1
github.com/victorihuoma/polymarket-watch/internal/scanner/frequency.go:35.33,37.3 1 1
github.com/victorihuoma/polymarket-watch/internal/scanner/frequency.go:41.62,45.27 2 1
github.com/victorihuoma/polymarket-watch/internal/scanner/frequency.go:45.27,47.3 1 1
github.com/victorihuoma/polymarket-watch/internal/scanner/frequency.go:48.2,48.10 1 1
github.com/victorihuoma/polymarket-watch/internal/scanner/frequency.go:52.40,54.2 1 1
github.com/victorihuoma/polymarket-watch/internal/scanner/frequency.go:57.43,59.2 1 1
github.com/victorihuoma/polymarket-watch/internal/scanner/frequency.go:76.71,77.27 1 1
github.com/victorihuoma/polymarket-watch/internal/scanner/frequency.go:77.27,79.3 1 1
github.com/victorihuoma/polymarket-watch/internal/scanner/frequency.go:80.2,81.39 2 1
github.com/victorihuoma/polymarket-watch/internal/scanner/frequency.go:81.39,82.27 1 1
github.com/victorihuoma/polymarket-watch/internal/scanner/frequency.go:82.27,84.4 1 1
github.com/victorihuoma/polymarket-watch/internal/scanner/frequency.go:86.2,86.55 1 1
github.com/victorihuoma/polymarket-watch/internal/scanner/frequency.go:90.66,95.25 2 1
github.com/victorihuoma/polymarket-watch/internal/scanner/frequency.go:95.25,97.3 1 1
github.com/victorihuoma/polymarket-watch/internal/scanner/frequency.go:100.2,103.37 4 1
github.com/victorihuoma/polymarket-watch/internal/scanner/frequency.go:103.37,105.27 2 1
github.com/victorihuoma/polymarket-watch/internal/scanner/frequency.go:105.27,107.4 1 1
github.com/victorihuoma/polymarket-watch/internal/scanner/frequency.go:108.3,108.27 1 1
github.com/victorihuoma/polymarket-watch/internal/scanner/frequency.go:108.27,110.4 1 1
github.com/victorihuoma/polymarket-watch/internal/scanner/frequency.go:112.2,115.24 2 1
github.com/victorihuoma/polymarket-watch/internal/scanner/frequency.go:115.24,118.38 3 1
github.com/victorihuoma/polymarket-watch/internal/scanner/frequency.go:118.38,121.4 2 1
github.com/victorihuoma/polymarket-watch/internal/scanner/frequency.go:122.3,123.75 2 1
github.com/victorihuoma/polymarket-watch/internal/scanner/frequency.go:126.2,126.14 1 1
github.com/victorihuoma/polymarket-watch/internal/scanner/frequency.go:132.106,139.40 2 1
github.com/victorihuoma/polymarket-watch/internal/scanner/frequency.go:139.40,141.3 1 1
github.com/victorihuoma/polymarket-watch/internal/scanner/frequency.go:144.2,150.41 5 1
github.com/victorihuoma/polymarket-watch/internal/scanner/frequency.go:150.41,153.3 2 1
github.com/victorihuoma/polymarket-watch/internal/scanner/frequency.go:156.2,165.16 4 1
github.com/victorihuoma/polymarket-watch/internal/scanner/frequency.go:165.16,167.3 1 1
github.com/victorihuoma/polymarket-watch/internal/scanner/frequency.go:169.2,189.15 4 1
github.com/victorihuoma/polymarket-watch/internal/scanner/frequency.go:193.87,195.20 1 1
github.com/victorihuoma/polymarket-watch/internal/scanner/frequency.go:195.20,197.3 1 1
github.com/victorihuoma/polymarket-watch/internal/scanner/frequency.go:202.2,207.14 2 1
github.com/victorihuoma/polymarket-watch/internal/scanner/frequency.go:207.14,209.3 1 1
github.com/victorihuoma/polymarket-watch/internal/scanner/frequency.go:212.2,212.22 1 1
github.com/victorihuoma/polymarket-watch/internal/scanner/frequency.go:212.22,214.3 1 1
github.com/victorihuoma/polymarket-watch/internal/scanner/frequency.go:218.2,218.34 1 1
github.com/victorihuoma/polymarket-watch/internal/scanner/frequency.go:218.34,220.3 1 0
github.com/victorihuoma/polymarket-watch/internal/scanner/frequency.go:223.2,223.34 1 1
github.com/victorihuoma/polymarket-watch/internal/scanner/frequency.go:223.34,225.3 1 1
github.com/victorihuoma/polymarket-watch/internal/scanner/frequency.go:227.2,227.10 1 0
github.com/victorihuoma/polymarket-watch/internal/scanner/frequency.go:232.75,233.21 1 1
github.com/victorihuoma/polymarket-watch/internal/scanner/frequency.go:233.21,235.3 1 0
github.com/victorihuoma/polymarket-watch/internal/scanner/frequency.go:236.2,236.54 1 1
github.com/victorihuoma/polymarket-watch/internal/scanner/frequency.go:240.89,244.34 2 1
github.com/victorihuoma/polymarket-watch/internal/scanner/frequency.go:244.34,246.3 1 1
github.com/victorihuoma/polymarket-watch/internal/scanner/frequency.go:249.2,249.56 1 1
github.com/victorihuoma/polymarket-watch/internal/scanner/frequency.go:249.56,251.3 1 1
github.com/victorihuoma/polymarket-watch/internal/scanner/frequency.go:254.2,254.14 1 0
github.com/victorihuoma/polymarket-watch/internal/scanner/scanner.go:25.54,26.26 1 1
github.com/victorihuoma/polymarket-watch/internal/scanner/scanner.go:26.26,28.3 1 1
github.com/victorihuoma/polymarket-watch/internal/scanner/scanner.go:32.56,33.26 1 1
github.com/victorihuoma/polymarket-watch/internal/scanner/scanner.go:33.26,35.3 1 1
github.com/victorihuoma/polymarket-watch/internal/scanner/scanner.go:39.52,40.26 1 1
github.com/victorihuoma/polymarket-watch/internal/scanner/scanner.go:40.26,42.3 1 1
github.com/victorihuoma/polymarket-watch/internal/scanner/scanner.go:51.49,62.27 2 1
github.com/victorihuoma/polymarket-watch/internal/scanner/scanner.go:62.27,64.3 1 1
github.com/victorihuoma/polymarket-watch/internal/scanner/scanner.go:66.2,66.10 1 1
github.com/victorihuoma/polymarket-watch/internal/scanner/scanner.go:71.56,73.39 2 1
github.com/victorihuoma/polymarket-watch/internal/scanner/scanner.go:73.39,75.3 1 1
github.com/victorihuoma/polymarket-watch/internal/scanner/scanner.go:76.2,76.16 1 1
github.com/victorihuoma/polymarket-watch/internal/scanner/scanner.go:81.88,84.16 2 1
github.com/victorihuoma/polymarket-watch/internal/scanner/scanner.go:84.16,86.3 1 1
github.com/victorihuoma/polymarket-watch/internal/scanner/scanner.go:89.2,90.16 2 1
github.com/victorihuoma/polymarket-watch/internal/scanner/scanner.go:90.16,92.3 1 0
github.com/victorihuoma/polymarket-watch/internal/scanner/scanner.go:95.2,97.20 2 1
github.com/victorihuoma/polymarket-watch/internal/scanner/scanner.go:102.121,106.39 2 1
github.com/victorihuoma/polymarket-watch/internal/scanner/scanner.go:106.39,109.41 3 1
github.com/victorihuoma/polymarket-watch/internal/scanner/scanner.go:109.41,111.4 1 1
github.com/victorihuoma/polymarket-watch/internal/scanner/scanner.go:115.2,120.15 3 1
github.com/victorihuoma/polymarket-watch/internal/scanner/scanner.go:124.107,135.31 5 1
github.com/victorihuoma/polymarket-watch/internal/scanner/scanner.go:135.31,139.62 3 1
github.com/victorihuoma/polymarket-watch/internal/scanner/scanner.go:139.62,141.4 1 1
github.com/victorihuoma/polymarket-watch/internal/scanner/scanner.go:142.3,142.38 1 1
github.com/victorihuoma/polymarket-watch/internal/scanner/scanner.go:142.38,144.4 1 1
github.com/victorihuoma/polymarket-watch/internal/scanner/scanner.go:147.2,153.24 5 1
github.com/victorihuoma/polymarket-watch/internal/scanner/scanner.go:153.24,155.33 2 1
github.com/victorihuoma/polymarket-watch/internal/scanner/scanner.go:155.33,157.4 1 1
github.com/victorihuoma/polymarket-watch/internal/scanner/scanner.go:158.3,158.62 1 1
github.com/victorihuoma/polymarket-watch/internal/scanner/scanner.go:162.2,164.14 2 1
github.com/victorihuoma/polymarket-watch/internal/scanner/sizing.go:34.54,35.33 1 1
github.com/victorihuoma/polymarket-watch/internal/scanner/sizing.go:35.33,37.3 1 1
github.com/victorihuoma/polymarket-watch/internal/scanner/sizing.go:41.57,42.33 1 1
github.com/victorihuoma/polymarket-watch/internal/scanner/sizing.go:42.33,44.3 1 1
github.com/victorihuoma/polymarket-watch/internal/scanner/sizing.go:48.62,53.27 2 1
github.com/victorihuoma/polymarket-watch/internal/scanner/sizing.go:53.27,55.3 1 1
github.com/victorihuoma/polymarket-watch/internal/scanner/sizing.go:56.2,56.10 1 1
github.com/victorihuoma/polymarket-watch/internal/scanner/sizing.go:60.40,62.2 1 1
github.com/victorihuoma/polymarket-watch/internal/scanner/sizing.go:65.43,67.2 1 1
github.com/victorihuoma/polymarket-watch/internal/scanner/sizing.go:87.56,88.17 1 1
github.com/victorihuoma/polymarket-watch/internal/scanner/sizing.go:88.17,90.3 1 1
github.com/victorihuoma/polymarket-watch/internal/scanner/sizing.go:91.2,91.26 1 1
github.com/victorihuoma/polymarket-watch/internal/scanner/sizing.go:96.50,97.23 1 1
github.com/victorihuoma/polymarket-watch/internal/scanner/sizing.go:97.23,99.3 1 1
github.com/victorihuoma/polymarket-watch/internal/scanner/sizing.go:101.2,102.31 2 1
github.com/victorihuoma/polymarket-watch/internal/scanner/sizing.go:102.31,103.26 1 1
github.com/victorihuoma/polymarket-watch/internal/scanner/sizing.go:103.26,105.4 1 1
github.com/victorihuoma/polymarket-watch/internal/scanner/sizing.go:107.2,107.52 1 1
github.com/victorihuoma/polymarket-watch/internal/scanner/sizing.go:112.36,114.24 1 1
github.com/victorihuoma/polymarket-watch/internal/scanner/sizing.go:114.24,116.3 1 1
github.com/victorihuoma/polymarket-watch/internal/scanner/sizing.go:119.2,120.22 2 1
github.com/victorihuoma/polymarket-watch/internal/scanner/sizing.go:124.64,127.22 2 1
github.com/victorihuoma/polymarket-watch/internal/scanner/sizing.go:127.22,129.3 1 1
github.com/victorihuoma/polymarket-watch/internal/scanner/sizing.go:131.2,138.31 6 1
github.com/victorihuoma/polymarket-watch/internal/scanner/sizing.go:138.31,141.29 3 1
github.com/victorihuoma/polymarket-watch/internal/scanner/sizing.go:141.29,143.4 1 1
github.com/victorihuoma/polymarket-watch/internal/scanner/sizing.go:144.3,144.29 1 1
github.com/victorihuoma/polymarket-watch/internal/scanner/sizing.go:144.29,146.4 1 1
github.com/victorihuoma/polymarket-watch/internal/scanner/sizing.go:148.2,151.21 2 1
github.com/victorihuoma/polymarket-watch/internal/scanner/sizing.go:151.21,153.36 2 1
github.com/victorihuoma/polymarket-watch/internal/scanner/sizing.go:153.36,156.4 2 1
github.com/victorihuoma/polymarket-watch/internal/scanner/sizing.go:157.3,158.37 2 1
github.com/victorihuoma/polymarket-watch/internal/scanner/sizing.go:161.2,161.14 1 1
github.com/victorihuoma/polymarket-watch/internal/scanner/sizing.go:166.106,173.31 2 1
github.com/victorihuoma/polymarket-watch/internal/scanner/sizing.go:173.31,175.3 1 1
github.com/victorihuoma/polymarket-watch/internal/scanner/sizing.go:178.2,187.16 5 1
github.com/victorihuoma/polymarket-watch/internal/scanner/sizing.go:187.16,189.3 1 1
github.com/victorihuoma/polymarket-watch/internal/scanner/sizing.go:191.2,211.15 4 1
github.com/victorihuoma/polymarket-watch/internal/scanner/sizing.go:215.73,217.27 1 1
github.com/victorihuoma/polymarket-watch/internal/scanner/sizing.go:217.27,219.3 1 1
github.com/victorihuoma/polymarket-watch/internal/scanner/sizing.go:222.2,222.46 1 1
github.com/victorihuoma/polymarket-watch/internal/scanner/sizing.go:222.46,224.3 1 0
github.com/victorihuoma/polymarket-watch/internal/scanner/sizing.go:227.2,227.25 1 1
github.com/victorihuoma/polymarket-watch/internal/scanner/sizing.go:227.25,230.3 1 0
github.com/victorihuoma/polymarket-watch/internal/scanner/sizing.go:235.2,235.48 1 1
github.com/victorihuoma/polymarket-watch/internal/scanner/sizing.go:235.48,237.3 1 1
github.com/victorihuoma/polymarket-watch/internal/scanner/sizing.go:240.2,240.48 1 1
github.com/victorihuoma/polymarket-watch/internal/scanner/sizing.go:240.48,242.3 1 0
github.com/victorihuoma/polymarket-watch/internal/scanner/sizing.go:244.2,244.10 1 1
github.com/victorihuoma/polymarket-watch/internal/scanner/sizing.go:248.75,250.75 1 1
github.com/victorihuoma/polymarket-watch/internal/scanner/sizing.go:250.75,252.3 1 1
github.com/victorihuoma/polymarket-watch/internal/scanner/sizing.go:255.2,255.29 1 1
github.com/victorihuoma/polymarket-watch/internal/scanner/sizing.go:255.29,257.3 1 1
github.com/victorihuoma/polymarket-watch/internal/scanner/sizing.go:260.2,260.14 1 1
github.com/victorihuoma/polymarket-watch/internal/scanner/winrate.go:32.60,33.34 1 1
github.com/victorihuoma/polymarket-watch/internal/scanner/winrate.go:33.34,35.3 1 1
github.com/victorihuoma/polymarket-watch/internal/scanner/winrate.go:39.59,40.34 1 1
github.com/victorihuoma/polymarket-watch/internal/scanner/winrate.go:40.34,42.3 1 1
github.com/victorihuoma/polymarket-watch/internal/scanner/winrate.go:46.65,51.27 2 1
github.com/victorihuoma/polymarket-watch/internal/scanner/winrate.go:51.27,53.3 1 1
github.com/victorihuoma/polymarket-watch/internal/scanner/winrate.go:54.2,54.10 1 1
github.com/victorihuoma/polymarket-watch/internal/scanner/winrate.go:58.41,60.2 1 1
github.com/victorihuoma/polymarket-watch/internal/scanner/winrate.go:63.44,65.2 1 1
github.com/victorihuoma/polymarket-watch/internal/scanner/winrate.go:84.61,86.2 1 1
github.com/victorihuoma/polymarket-watch/internal/scanner/winrate.go:91.66,94.22 2 1
github.com/victorihuoma/polymarket-watch/internal/scanner/winrate.go:94.22,96.3 1 1
github.com/victorihuoma/polymarket-watch/internal/scanner/winrate.go:99.2,112.37 6 1
github.com/victorihuoma/polymarket-watch/internal/scanner/winrate.go:112.37,118.20 2 1
github.com/victorihuoma/polymarket-watch/internal/scanner/winrate.go:118.20,121.4 1 1
github.com/victorihuoma/polymarket-watch/internal/scanner/winrate.go:121.9,121.28 1 1
github.com/victorihuoma/polymarket-watch/internal/scanner/winrate.go:121.28,123.61 1 1
github.com/victorihuoma/polymarket-watch/internal/scanner/winrate.go:123.61,132.19 5 1
github.com/victorihuoma/polymarket-watch/internal/scanner/winrate.go:132.19,135.6 2 1
github.com/victorihuoma/polymarket-watch/internal/scanner/winrate.go:135.11,138.6 2 1
github.com/victorihuoma/polymarket-watch/internal/scanner/winrate.go:144.2,144.27 1 1
github.com/victorihuoma/polymarket-watch/internal/scanner/winrate.go:144.27,146.3 1 1
github.com/victorihuoma/polymarket-watch/internal/scanner/winrate.go:148.2,148.14 1 1
github.com/victorihuoma/polymarket-watch/internal/scanner/winrate.go:153.107,160.31 2 1
github.com/victorihuoma/polymarket-watch/internal/scanner/winrate.go:160.31,162.3 1 1
github.com/victorihuoma/polymarket-watch/internal/scanner/winrate.go:165.2,168.37 2 1
github.com/victorihuoma/polymarket-watch/internal/scanner/winrate.go:168.37,170.3 1 1
github.com/victorihuoma/polymarket-watch/internal/scanner/winrate.go:173.2,173.40 1 1
github.com/victorihuoma/polymarket-watch/internal/scanner/winrate.go:173.40,175.3 1 1
github.com/victorihuoma/polymarket-watch/internal/scanner/winrate.go:178.2,197.15 4 1
github.com/victorihuoma/polymarket-watch/internal/scanner/winrate.go:201.70,210.27 2 1
github.com/victorihuoma/polymarket-watch/internal/scanner/winrate.go:210.27,212.3 1 1
github.com/victorihuoma/polymarket-watch/internal/scanner/winrate.go:216.2,220.30 2 1
github.com/victorihuoma/polymarket-watch/internal/scanner/winrate.go:220.30,222.3 1 0
github.com/victorihuoma/polymarket-watch/internal/scanner/winrate.go:225.2,225.17 1 1
github.com/victorihuoma/polymarket-watch/internal/scanner/winrate.go:225.17,227.3 1 0
github.com/victorihuoma/polymarket-watch/internal/scanner/winrate.go:229.2,229.14 1 1
github.com/victorihuoma/polymarket-watch/internal/scanner/winrate.go:233.85,235.63 1 1
github.com/victorihuoma/polymarket-watch/internal/scanner/winrate.go:235.63,237.3 1 1
github.com/victorihuoma/polymarket-watch/internal/scanner/winrate.go:240.2,240.42 1 1
github.com/victorihuoma/polymarket-watch/internal/scanner/winrate.go:240.42,242.3 1 1
github.com/victorihuoma/polymarket-watch/internal/scanner/winrate.go:245.2,245.14 1 1
